Archive member included to satisfy reference by file (symbol)

/opt/st/stm32cubeide_1.16.0/plugins/com.st.stm32cube.ide.mcu.externaltools.gnu-tools-for-stm32.12.3.rel1.linux64_1.0.200.202406132123/tools/bin/../lib/gcc/arm-none-eabi/12.3.1/../../../../arm-none-eabi/lib/thumb/v7-m/nofp/libc_nano.a(libc_a-exit.o)
                              /opt/st/stm32cubeide_1.16.0/plugins/com.st.stm32cube.ide.mcu.externaltools.gnu-tools-for-stm32.12.3.rel1.linux64_1.0.200.202406132123/tools/bin/../lib/gcc/arm-none-eabi/12.3.1/../../../../arm-none-eabi/lib/thumb/v7-m/nofp/crt0.o (exit)
/opt/st/stm32cubeide_1.16.0/plugins/com.st.stm32cube.ide.mcu.externaltools.gnu-tools-for-stm32.12.3.rel1.linux64_1.0.200.202406132123/tools/bin/../lib/gcc/arm-none-eabi/12.3.1/../../../../arm-none-eabi/lib/thumb/v7-m/nofp/libc_nano.a(libc_a-realloc.o)
                              ./Core/Src/mainpp.o (realloc)
/opt/st/stm32cubeide_1.16.0/plugins/com.st.stm32cube.ide.mcu.externaltools.gnu-tools-for-stm32.12.3.rel1.linux64_1.0.200.202406132123/tools/bin/../lib/gcc/arm-none-eabi/12.3.1/../../../../arm-none-eabi/lib/thumb/v7-m/nofp/libc_nano.a(libc_a-reallocr.o)
                              /opt/st/stm32cubeide_1.16.0/plugins/com.st.stm32cube.ide.mcu.externaltools.gnu-tools-for-stm32.12.3.rel1.linux64_1.0.200.202406132123/tools/bin/../lib/gcc/arm-none-eabi/12.3.1/../../../../arm-none-eabi/lib/thumb/v7-m/nofp/libc_nano.a(libc_a-realloc.o) (_realloc_r)
/opt/st/stm32cubeide_1.16.0/plugins/com.st.stm32cube.ide.mcu.externaltools.gnu-tools-for-stm32.12.3.rel1.linux64_1.0.200.202406132123/tools/bin/../lib/gcc/arm-none-eabi/12.3.1/../../../../arm-none-eabi/lib/thumb/v7-m/nofp/libc_nano.a(libc_a-nano-vfprintf_float.o)
                              (_printf_float)
/opt/st/stm32cubeide_1.16.0/plugins/com.st.stm32cube.ide.mcu.externaltools.gnu-tools-for-stm32.12.3.rel1.linux64_1.0.200.202406132123/tools/bin/../lib/gcc/arm-none-eabi/12.3.1/../../../../arm-none-eabi/lib/thumb/v7-m/nofp/libc_nano.a(libc_a-nano-vfprintf_i.o)
                              /opt/st/stm32cubeide_1.16.0/plugins/com.st.stm32cube.ide.mcu.externaltools.gnu-tools-for-stm32.12.3.rel1.linux64_1.0.200.202406132123/tools/bin/../lib/gcc/arm-none-eabi/12.3.1/../../../../arm-none-eabi/lib/thumb/v7-m/nofp/libc_nano.a(libc_a-nano-vfprintf_float.o) (_printf_common)
/opt/st/stm32cubeide_1.16.0/plugins/com.st.stm32cube.ide.mcu.externaltools.gnu-tools-for-stm32.12.3.rel1.linux64_1.0.200.202406132123/tools/bin/../lib/gcc/arm-none-eabi/12.3.1/../../../../arm-none-eabi/lib/thumb/v7-m/nofp/libc_nano.a(libc_a-findfp.o)
                              /opt/st/stm32cubeide_1.16.0/plugins/com.st.stm32cube.ide.mcu.externaltools.gnu-tools-for-stm32.12.3.rel1.linux64_1.0.200.202406132123/tools/bin/../lib/gcc/arm-none-eabi/12.3.1/../../../../arm-none-eabi/lib/thumb/v7-m/nofp/libc_nano.a(libc_a-exit.o) (__stdio_exit_handler)
/opt/st/stm32cubeide_1.16.0/plugins/com.st.stm32cube.ide.mcu.externaltools.gnu-tools-for-stm32.12.3.rel1.linux64_1.0.200.202406132123/tools/bin/../lib/gcc/arm-none-eabi/12.3.1/../../../../arm-none-eabi/lib/thumb/v7-m/nofp/libc_nano.a(libc_a-fwalk.o)
                              /opt/st/stm32cubeide_1.16.0/plugins/com.st.stm32cube.ide.mcu.externaltools.gnu-tools-for-stm32.12.3.rel1.linux64_1.0.200.202406132123/tools/bin/../lib/gcc/arm-none-eabi/12.3.1/../../../../arm-none-eabi/lib/thumb/v7-m/nofp/libc_nano.a(libc_a-findfp.o) (_fwalk_sglue)
/opt/st/stm32cubeide_1.16.0/plugins/com.st.stm32cube.ide.mcu.externaltools.gnu-tools-for-stm32.12.3.rel1.linux64_1.0.200.202406132123/tools/bin/../lib/gcc/arm-none-eabi/12.3.1/../../../../arm-none-eabi/lib/thumb/v7-m/nofp/libc_nano.a(libc_a-stdio.o)
                              /opt/st/stm32cubeide_1.16.0/plugins/com.st.stm32cube.ide.mcu.externaltools.gnu-tools-for-stm32.12.3.rel1.linux64_1.0.200.202406132123/tools/bin/../lib/gcc/arm-none-eabi/12.3.1/../../../../arm-none-eabi/lib/thumb/v7-m/nofp/libc_nano.a(libc_a-findfp.o) (__sread)
/opt/st/stm32cubeide_1.16.0/plugins/com.st.stm32cube.ide.mcu.externaltools.gnu-tools-for-stm32.12.3.rel1.linux64_1.0.200.202406132123/tools/bin/../lib/gcc/arm-none-eabi/12.3.1/../../../../arm-none-eabi/lib/thumb/v7-m/nofp/libc_nano.a(libc_a-memset.o)
                              /opt/st/stm32cubeide_1.16.0/plugins/com.st.stm32cube.ide.mcu.externaltools.gnu-tools-for-stm32.12.3.rel1.linux64_1.0.200.202406132123/tools/bin/../lib/gcc/arm-none-eabi/12.3.1/../../../../arm-none-eabi/lib/thumb/v7-m/nofp/crt0.o (memset)
/opt/st/stm32cubeide_1.16.0/plugins/com.st.stm32cube.ide.mcu.externaltools.gnu-tools-for-stm32.12.3.rel1.linux64_1.0.200.202406132123/tools/bin/../lib/gcc/arm-none-eabi/12.3.1/../../../../arm-none-eabi/lib/thumb/v7-m/nofp/libc_nano.a(libc_a-localeconv.o)
[...]
Memory Configuration

Name             Origin             Length             Attributes
RAM              0x20000000         0x00005000         xrw
FLASH            0x08000000         0x00010000         xr
*default*        0x00000000         0xffffffff

Linker script and memory map

LOAD /opt/st/stm32cubeide_1.16.0/plugins/com.st.stm32cube.ide.mcu.externaltools.gnu-tools-for-stm32.12.3.rel1.linux64_1.0.200.202406132123/tools/bin/../lib/gcc/arm-none-eabi/12.3.1/thumb/v7-m/nofp/crti.o
LOAD /opt/st/stm32cubeide_1.16.0/plugins/com.st.stm32cube.ide.mcu.externaltools.gnu-tools-for-stm32.12.3.rel1.linux64_1.0.200.202406132123/tools/bin/../lib/gcc/arm-none-eabi/12.3.1/thumb/v7-m/nofp/crtbegin.o
LOAD /opt/st/stm32cubeide_1.16.0/plugins/com.st.stm32cube.ide.mcu.externaltools.gnu-tools-for-stm32.12.3.rel1.linux64_1.0.200.202406132123/tools/bin/../lib/gcc/arm-none-eabi/12.3.1/../../../../arm-none-eabi/lib/thumb/v7-m/nofp/crt0.o
LOAD ./Core/Src/PID_motor.o
LOAD ./Core/Src/PID_motor_cfg.o
LOAD ./Core/Src/duration.o
LOAD ./Core/Src/main.o
LOAD ./Core/Src/mainpp.o
LOAD ./Core/Src/stm32f1xx_hal_msp.o
LOAD ./Core/Src/stm32f1xx_it.o
LOAD ./Core/Src/syscalls.o
LOAD ./Core/Src/sysmem.o
LOAD ./Core/Src/system_stm32f1xx.o
LOAD ./Core/Src/time.o
LOAD ./Core/Startup/startup_stm32f103c8tx.o
LOAD ./Drivers/STM32F1xx_HAL_Driver/Src/stm32f1xx_hal.o
LOAD ./Drivers/STM32F1xx_HAL_Driver/Src/stm32f1xx_hal_cortex.o
LOAD ./Drivers/STM32F1xx_HAL_Driver/Src/stm32f1xx_hal_dma.o
LOAD ./Drivers/STM32F1xx_HAL_Driver/Src/stm32f1xx_hal_exti.o
LOAD ./Drivers/STM32F1xx_HAL_Driver/Src/stm32f1xx_hal_flash.o
LOAD ./Drivers/STM32F1xx_HAL_Driver/Src/stm32f1xx_hal_flash_ex.o
LOAD ./Drivers/STM32F1xx_HAL_Driver/Src/stm32f1xx_hal_gpio.o
LOAD ./Drivers/STM32F1xx_HAL_Driver/Src/stm32f1xx_hal_gpio_ex.o
LOAD ./Drivers/STM32F1xx_HAL_Driver/Src/stm32f1xx_hal_pwr.o
LOAD ./Drivers/STM32F1xx_HAL_Driver/Src/stm32f1xx_hal_rcc.o
LOAD ./Drivers/STM32F1xx_HAL_Driver/Src/stm32f1xx_hal_rcc_ex.o
LOAD ./Drivers/STM32F1xx_HAL_Driver/Src/stm32f1xx_hal_tim.o
LOAD ./Drivers/STM32F1xx_HAL_Driver/Src/stm32f1xx_hal_tim_ex.o
LOAD ./Drivers/STM32F1xx_HAL_Driver/Src/stm32f1xx_hal_uart.o
START GROUP
LOAD /opt/st/stm32cubeide_1.16.0/plugins/com.st.stm32cube.ide.mcu.externaltools.gnu-tools-for-stm32.12.3.rel1.linux64_1.0.200.202406132123/tools/bin/../lib/gcc/arm-none-eabi/12.3.1/../../../../arm-none-eabi/lib/thumb/v7-m/nofp/libstdc++_nano.a
LOAD /opt/st/stm32cubeide_1.16.0/plugins/com.st.stm32cube.ide.mcu.externaltools.gnu-tools-for-stm32.12.3.rel1.linux64_1.0.200.202406132123/tools/bin/../lib/gcc/arm-none-eabi/12.3.1/../../../../arm-none-eabi/lib/thumb/v7-m/nofp/libsupc++_nano.a
END GROUP
LOAD /opt/st/stm32cubeide_1.16.0/plugins/com.st.stm32cube.ide.mcu.externaltools.gnu-tools-for-stm32.12.3.rel1.linux64_1.0.200.202406132123/tools/bin/../lib/gcc/arm-none-eabi/12.3.1/../../../../arm-none-eabi/lib/thumb/v7-m/nofp/libstdc++_nano.a
LOAD /opt/st/stm32cubeide_1.16.0/plugins/com.st.stm32cube.ide.mcu.externaltools.gnu-tools-for-stm32.12.3.rel1.linux64_1.0.200.202406132123/tools/bin/../lib/gcc/arm-none-eabi/12.3.1/../../../../arm-none-eabi/lib/thumb/v7-m/nofp/libm.a
LOAD /opt/st/stm32cubeide_1.16.0/plugins/com.st.stm32cube.ide.mcu.externaltools.gnu-tools-for-stm32.12.3.rel1.linux64_1.0.200.202406132123/tools/bin/../lib/gcc/arm-none-eabi/12.3.1/../../../../arm-none-eabi/lib/thumb/v7-m/nofp/libc_nano.a
START GROUP
LOAD /opt/st/stm32cubeide_1.16.0/plugins/com.st.stm32cube.ide.mcu.externaltools.gnu-tools-for-stm32.12.3.rel1.linux64_1.0.200.202406132123/tools/bin/../lib/gcc/arm-none-eabi/12.3.1/thumb/v7-m/nofp/libgcc.a
LOAD /opt/st/stm32cubeide_1.16.0/plugins/com.st.stm32cube.ide.mcu.externaltools.gnu-tools-for-stm32.12.3.rel1.linux64_1.0.200.202406132123/tools/bin/../lib/gcc/arm-none-eabi/12.3.1/../../../../arm-none-eabi/lib/thumb/v7-m/nofp/libc_nano.a
END GROUP
START GROUP
LOAD /opt/st/stm32cubeide_1.16.0/plugins/com.st.stm32cube.ide.mcu.externaltools.gnu-tools-for-stm32.12.3.rel1.linux64_1.0.200.202406132123/tools/bin/../lib/gcc/arm-none-eabi/12.3.1/thumb/v7-m/nofp/libgcc.a
LOAD /opt/st/stm32cubeide_1.16.0/plugins/com.st.stm32cube.ide.mcu.externaltools.gnu-tools-for-stm32.12.3.rel1.linux64_1.0.200.202406132123/tools/bin/../lib/gcc/arm-none-eabi/12.3.1/../../../../arm-none-eabi/lib/thumb/v7-m/nofp/libc_nano.a
END GROUP
LOAD /opt/st/stm32cubeide_1.16.0/plugins/com.st.stm32cube.ide.mcu.externaltools.gnu-tools-for-stm32.12.3.rel1.linux64_1.0.200.202406132123/tools/bin/../lib/gcc/arm-none-eabi/12.3.1/thumb/v7-m/nofp/crtend.o
LOAD /opt/st/stm32cubeide_1.16.0/plugins/com.st.stm32cube.ide.mcu.externaltools.gnu-tools-for-stm32.12.3.rel1.linux64_1.0.200.202406132123/tools/bin/../lib/gcc/arm-none-eabi/12.3.1/thumb/v7-m/nofp/crtn.o
                0x20005000                        _estack = (ORIGIN (RAM) + LENGTH (RAM))
                0x00000200                        _Min_Heap_Size = 0x200
                0x00000400                        _Min_Stack_Size = 0x400

.isr_vector     0x08000000      0x10c
                0x08000000                        . = ALIGN (0x4)
 *(.isr_vector)
 .isr_vector    0x08000000      0x10c ./Core/Startup/startup_stm32f103c8tx.o
                0x08000000                g_pfnVectors
                0x0800010c                        . = ALIGN (0x4)

.text           0x08000110     0x9ed8
                0x08000110                        . = ALIGN (0x4)
 *(.text)
 .text          0x08000110       0x40 /opt/st/stm32cubeide_1.16.0/plugins/com.st.stm32cube.ide.mcu.externaltools.gnu-tools-for-stm32.12.3.rel1.linux64_1.0.200.202406132123/tools/bin/../lib/gcc/arm-none-eabi/12.3.1/thumb/v7-m/nofp/crtbegin.o
 .text          0x08000150       0x10 /opt/st/stm32cubeide_1.16.0/plugins/com.st.stm32cube.ide.mcu.externaltools.gnu-tools-for-stm32.12.3.rel1.linux64_1.0.200.202406132123/tools/bin/../lib/gcc/arm-none-eabi/12.3.1/../../../../arm-none-eabi/lib/thumb/v7-m/nofp/libc_nano.a(libc_a-strlen.o)
                0x08000150                strlen
 .text          0x08000160      0x378 /opt/st/stm32cubeide_1.16.0/plugins/com.st.stm32cube.ide.mcu.externaltools.gnu-tools-for-stm32.12.3.rel1.linux64_1.0.200.202406132123/tools/bin/../lib/gcc/arm-none-eabi/12.3.1/thumb/v7-m/nofp/libgcc.a(_arm_addsubdf3.o)
                0x08000160                __aeabi_drsub
                0x08000168                __aeabi_dsub
                0x08000168                __subdf3
                0x0800016c                __adddf3
                0x0800016c                __aeabi_dadd
                0x080003e4                __aeabi_ui2d
                0x080003e4                __floatunsidf
                0x08000404                __floatsidf
                0x08000404                __aeabi_i2d
                0x08000428                __extendsfdf2
                0x08000428                __aeabi_f2d
                0x0800046c                __aeabi_ul2d
                0x0800046c                __floatundidf
                0x0800047c                __floatdidf
                0x0800047c                __aeabi_l2d
 .text          0x080004d8      0x424 /opt/st/stm32cubeide_1.16.0/plugins/com.st.stm32cube.ide.mcu.externaltools.gnu-tools-for-stm32.12.3.rel1.linux64_1.0.200.202406132123/tools/bin/../lib/gcc/arm-none-eabi/12.3.1/thumb/v7-m/nofp/libgcc.a(_arm_muldivdf3.o)
                0x080004d8                __aeabi_dmul
                0x080004d8                __muldf3
                0x0800072c                __aeabi_ddiv
                0x0800072c                __divdf3
 .text          0x080008fc      0x110 /opt/st/stm32cubeide_1.16.0/plugins/com.st.stm32cube.ide.mcu.externaltools.gnu-tools-for-stm32.12.3.rel1.linux64_1.0.200.202406132123/tools/bin/../lib/gcc/arm-none-eabi/12.3.1/thumb/v7-m/nofp/libgcc.a(_arm_cmpdf2.o)
                0x080008fc                __gtdf2
                0x080008fc                __gedf2
                0x08000904                __ltdf2
                0x08000904                __ledf2
                0x0800090c                __cmpdf2
                0x0800090c                __eqdf2
                0x0800090c                __nedf2
                0x08000988                __aeabi_cdrcmple
                0x08000998                __aeabi_cdcmple
                0x08000998                __aeabi_cdcmpeq
                0x080009a8                __aeabi_dcmpeq
                0x080009bc                __aeabi_dcmplt
                0x080009d0                __aeabi_dcmple
                0x080009e4                __aeabi_dcmpge
                0x080009f8                __aeabi_dcmpgt
 .text          0x08000a0c       0x2c /opt/st/stm32cubeide_1.16.0/plugins/com.st.stm32cube.ide.mcu.externaltools.gnu-tools-for-stm32.12.3.rel1.linux64_1.0.200.202406132123/tools/bin/../lib/gcc/arm-none-eabi/12.3.1/thumb/v7-m/nofp/libgcc.a(_arm_unorddf2.o)
                0x08000a0c                __aeabi_dcmpun
                0x08000a0c                __unorddf2
 .text          0x08000a38       0x50 /opt/st/stm32cubeide_1.16.0/plugins/com.st.stm32cube.ide.mcu.externaltools.gnu-tools-for-stm32.12.3.rel1.linux64_1.0.200.202406132123/tools/bin/../lib/gcc/arm-none-eabi/12.3.1/thumb/v7-m/nofp/libgcc.a(_arm_fixdfsi.o)
                0x08000a38                __fixdfsi
                0x08000a38                __aeabi_d2iz
 .text          0x08000a88      0x21c /opt/st/stm32cubeide_1.16.0/plugins/com.st.stm32cube.ide.mcu.externaltools.gnu-tools-for-stm32.12.3.rel1.linux64_1.0.200.202406132123/tools/bin/../lib/gcc/arm-none-eabi/12.3.1/thumb/v7-m/nofp/libgcc.a(_arm_addsubsf3.o)
                0x08000a88                __aeabi_frsub
                0x08000a90                __subsf3
                0x08000a90                __aeabi_fsub
                0x08000a94                __aeabi_fadd
                0x08000a94                __addsf3
                0x08000bf4                __aeabi_ui2f
                0x08000bf4                __floatunsisf
                0x08000bfc                __aeabi_i2f
                0x08000bfc                __floatsisf
                0x08000c18                __floatundisf
                0x08000c18                __aeabi_ul2f
                0x08000c28                __floatdisf
                0x08000c28                __aeabi_l2f
 .text          0x08000ca4      0x2a0 /opt/st/stm32cubeide_1.16.0/plugins/com.st.stm32cube.ide.mcu.externaltools.gnu-tools-for-stm32.12.3.rel1.linux64_1.0.200.202406132123/tools/bin/../lib/gcc/arm-none-eabi/12.3.1/thumb/v7-m/nofp/libgcc.a(_arm_muldivsf3.o)
                0x08000ca4                __mulsf3
                0x08000ca4                __aeabi_fmul
                0x08000e0c                __divsf3
                0x08000e0c                __aeabi_fdiv
 .text          0x08000f44       0xec /opt/st/stm32cubeide_1.16.0/plugins/com.st.stm32cube.ide.mcu.externaltools.gnu-tools-for-stm32.12.3.rel1.linux64_1.0.200.202406132123/tools/bin/../lib/gcc/arm-none-eabi/12.3.1/thumb/v7-m/nofp/libgcc.a(_arm_cmpsf2.o)
                0x08000f44                __gtsf2
                0x08000f44                __gesf2
                0x08000f4c                __lesf2
                0x08000f4c                __ltsf2
                0x08000f54                __nesf2
                0x08000f54                __eqsf2
                0x08000f54                __cmpsf2
                0x08000fb4                __aeabi_cfrcmple
                0x08000fbc                __aeabi_cfcmple
                0x08000fbc                __aeabi_cfcmpeq
                0x08000fcc                __aeabi_fcmpeq
                0x08000fe0                __aeabi_fcmplt
                0x08000ff4                __aeabi_fcmple
                0x08001008                __aeabi_fcmpge
                0x0800101c                __aeabi_fcmpgt
 .text          0x08001030       0x4c /opt/st/stm32cubeide_1.16.0/plugins/com.st.stm32cube.ide.mcu.externaltools.gnu-tools-for-stm32.12.3.rel1.linux64_1.0.200.202406132123/tools/bin/../lib/gcc/arm-none-eabi/12.3.1/thumb/v7-m/nofp/libgcc.a(_arm_fixsfsi.o)
                0x08001030                __fixsfsi
                0x08001030                __aeabi_f2iz
 *(.text*)
 .text._ZSt3absl
                0x0800107c       0x1a ./Core/Src/PID_motor.o
                0x0800107c                std::abs(long)
 .text._ZL14outputSpeedPIDP9PID_motor
                0x08001096      0x24a ./Core/Src/PID_motor.o
 .text._ZL11readEncoderP9PID_motor
                0x080012e0       0x1a ./Core/Src/PID_motor.o
 *fill*         0x080012fa        0x2 
 .text._Z9motorInit9PID_motor
                0x080012fc      0x174 ./Core/Src/PID_motor.o
                0x080012fc                motorInit(PID_motor)
 .text._Z15dutyCycleUpdatetP9PID_motor
                0x08001470       0x60 ./Core/Src/PID_motor.o
                0x08001470                dutyCycleUpdate(unsigned short, PID_motor*)
 .text._Z10motorBrakeP9PID_motor
                0x080014d0       0x30 ./Core/Src/PID_motor.o
                0x080014d0                motorBrake(PID_motor*)
 .text._Z18inputSpeedHandlingP9PID_motorf
                0x08001500       0xcc ./Core/Src/PID_motor.o
                0x08001500                inputSpeedHandling(PID_motor*, float)
 .text._Z15speedControlPIDP9PID_motor
                0x080015cc       0xac ./Core/Src/PID_motor.o
                0x080015cc                speedControlPID(PID_motor*)
 .text.main     0x08001678       0x68 ./Core/Src/main.o
                0x08001678                main
 .text._Z18SystemClock_Configv
                0x080016e0       0x9e ./Core/Src/main.o
                0x080016e0                SystemClock_Config()
 *fill*         0x0800177e        0x2 
 .text._ZL12MX_TIM1_Initv
                0x08001780       0xc0 ./Core/Src/main.o
 .text._ZL12MX_TIM2_Initv
                0x08001840       0xbc ./Core/Src/main.o
 .text._ZL12MX_TIM3_Initv
                0x080018fc       0xbc ./Core/Src/main.o
 .text._ZL12MX_TIM4_Initv
                0x080019b8      0x140 ./Core/Src/main.o
 .text._ZL19MX_USART1_UART_Initv
                0x08001af8       0x5c ./Core/Src/main.o
 .text._ZL11MX_DMA_Initv
                0x08001b54       0x4c ./Core/Src/main.o
 .text._ZL12MX_GPIO_Initv
                0x08001ba0      0x108 ./Core/Src/main.o
 .text.Error_Handler
                0x08001ca8        0xc ./Core/Src/main.o
                0x08001ca8                Error_Handler
 .text._ZN3ros4TimeC2Ev
                0x08001cb4       0x20 ./Core/Src/mainpp.o
                0x08001cb4                ros::Time::Time()
                0x08001cb4                ros::Time::Time()
 .text._ZN3ros3MsgC2Ev
                0x08001cd4       0x20 ./Core/Src/mainpp.o
                0x08001cd4                ros::Msg::Msg()
                0x08001cd4                ros::Msg::Msg()
 .text._ZN8std_msgs4TimeC2Ev
                0x08001cf4       0x30 ./Core/Src/mainpp.o
                0x08001cf4                std_msgs::Time::Time()
                0x08001cf4                std_msgs::Time::Time()
 .text._ZNK8std_msgs4Time9serializeEPh
                0x08001d24       0xae ./Core/Src/mainpp.o
                0x08001d24                std_msgs::Time::serialize(unsigned char*) const
 .text._ZN8std_msgs4Time11deserializeEPh
                0x08001dd2       0xc6 ./Core/Src/mainpp.o
                0x08001dd2                std_msgs::Time::deserialize(unsigned char*)
 .text._ZN8std_msgs4Time7getTypeEv
                0x08001e98       0x18 ./Core/Src/mainpp.o
                0x08001e98                std_msgs::Time::getType()
 .text._ZN8std_msgs4Time6getMD5Ev
                0x08001eb0       0x18 ./Core/Src/mainpp.o
                0x08001eb0                std_msgs::Time::getMD5()
 .text._ZN14rosserial_msgs9TopicInfoC2Ev
                0x08001ec8       0x48 ./Core/Src/mainpp.o
                0x08001ec8                rosserial_msgs::TopicInfo::TopicInfo()
                0x08001ec8                rosserial_msgs::TopicInfo::TopicInfo()
 .text._ZNK14rosserial_msgs9TopicInfo9serializeEPh
                0x08001f10      0x136 ./Core/Src/mainpp.o
                0x08001f10                rosserial_msgs::TopicInfo::serialize(unsigned char*) const
 .text._ZN14rosserial_msgs9TopicInfo11deserializeEPh
                0x08002046      0x1d0 ./Core/Src/mainpp.o
                0x08002046                rosserial_msgs::TopicInfo::deserialize(unsigned char*)
 *fill*         0x08002216        0x2 
 .text._ZN14rosserial_msgs9TopicInfo7getTypeEv
                0x08002218       0x18 ./Core/Src/mainpp.o
                0x08002218                rosserial_msgs::TopicInfo::getType()
 .text._ZN14rosserial_msgs9TopicInfo6getMD5Ev
                0x08002230       0x18 ./Core/Src/mainpp.o
                0x08002230                rosserial_msgs::TopicInfo::getMD5()
 .text._ZN14rosserial_msgs3LogC2Ev
                0x08002248       0x34 ./Core/Src/mainpp.o
                0x08002248                rosserial_msgs::Log::Log()
                0x08002248                rosserial_msgs::Log::Log()
 .text._ZNK14rosserial_msgs3Log9serializeEPh
                0x0800227c       0x64 ./Core/Src/mainpp.o
                0x0800227c                rosserial_msgs::Log::serialize(unsigned char*) const
 .text._ZN14rosserial_msgs3Log11deserializeEPh
                0x080022e0       0x90 ./Core/Src/mainpp.o
                0x080022e0                rosserial_msgs::Log::deserialize(unsigned char*)
 .text._ZN14rosserial_msgs3Log7getTypeEv
                0x08002370       0x18 ./Core/Src/mainpp.o
                0x08002370                rosserial_msgs::Log::getType()
 .text._ZN14rosserial_msgs3Log6getMD5Ev
                0x08002388       0x18 ./Core/Src/mainpp.o
                0x08002388                rosserial_msgs::Log::getMD5()
 .text._ZN14rosserial_msgs20RequestParamResponseC2Ev
                0x080023a0       0x5c ./Core/Src/mainpp.o
                0x080023a0                rosserial_msgs::RequestParamResponse::RequestParamResponse()
                0x080023a0                rosserial_msgs::RequestParamResponse::RequestParamResponse()
 .text._ZNK14rosserial_msgs20RequestParamResponse9serializeEPh
                0x080023fc      0x222 ./Core/Src/mainpp.o
                0x080023fc                rosserial_msgs::RequestParamResponse::serialize(unsigned char*) const
 .text._ZN14rosserial_msgs20RequestParamResponse11deserializeEPh
                0x0800261e      0x2e2 ./Core/Src/mainpp.o
                0x0800261e                rosserial_msgs::RequestParamResponse::deserialize(unsigned char*)
 .text._ZN14rosserial_msgs20RequestParamResponse7getTypeEv
                0x08002900       0x18 ./Core/Src/mainpp.o
                0x08002900                rosserial_msgs::RequestParamResponse::getType()
 .text._ZN14rosserial_msgs20RequestParamResponse6getMD5Ev
                0x08002918       0x18 ./Core/Src/mainpp.o
                0x08002918                rosserial_msgs::RequestParamResponse::getMD5()
 .text._ZN3ros9PublisherC2EPKcPNS_3MsgEi
                0x08002930       0x2c ./Core/Src/mainpp.o
                0x08002930                ros::Publisher::Publisher(char const*, ros::Msg*, int)
                0x08002930                ros::Publisher::Publisher(char const*, ros::Msg*, int)
 .text._ZN3ros9Publisher7publishEPKNS_3MsgE
                0x0800295c       0x28 ./Core/Src/mainpp.o
                0x0800295c                ros::Publisher::publish(ros::Msg const*)
 .text._ZN3ros9Publisher15getEndpointTypeEv
                0x08002984       0x16 ./Core/Src/mainpp.o
                0x08002984                ros::Publisher::getEndpointType()
 .text._ZN13STM32Hardware10getRdmaIndEv
                0x0800299a       0x24 ./Core/Src/mainpp.o
                0x0800299a                STM32Hardware::getRdmaInd()
 *fill*         0x080029be        0x2 
 .text._ZN13STM32HardwareC2Ev
                0x080029c0       0x38 ./Core/Src/mainpp.o
                0x080029c0                STM32Hardware::STM32Hardware()
                0x080029c0                STM32Hardware::STM32Hardware()
 .text._ZN13STM32Hardware4initEv
                0x080029f8       0x16 ./Core/Src/mainpp.o
                0x080029f8                STM32Hardware::init()
 .text._ZN13STM32Hardware10reset_rbufEv
                0x08002a0e       0x22 ./Core/Src/mainpp.o
                0x08002a0e                STM32Hardware::reset_rbuf()
 .text._ZN13STM32Hardware4readEv
                0x08002a30       0x5a ./Core/Src/mainpp.o
                0x08002a30                STM32Hardware::read()
 *fill*         0x08002a8a        0x2 
 .text._ZN13STM32Hardware5flushEv
                0x08002a8c       0xe8 ./Core/Src/mainpp.o
                0x08002a8c                STM32Hardware::flush()
 .text._ZN13STM32Hardware5writeEPhi
                0x08002b74       0x8c ./Core/Src/mainpp.o
                0x08002b74                STM32Hardware::write(unsigned char*, int)
 .text._ZN13STM32Hardware4timeEv
                0x08002c00       0x16 ./Core/Src/mainpp.o
                0x08002c00                STM32Hardware::time()
 *fill*         0x08002c16        0x2 
 .text._ZN8std_msgs6UInt32C2Ev
                0x08002c18       0x2c ./Core/Src/mainpp.o
                0x08002c18                std_msgs::UInt32::UInt32()
                0x08002c18                std_msgs::UInt32::UInt32()
 .text._ZNK8std_msgs6UInt329serializeEPh
                0x08002c44       0x64 ./Core/Src/mainpp.o
                0x08002c44                std_msgs::UInt32::serialize(unsigned char*) const
 .text._ZN8std_msgs6UInt3211deserializeEPh
                0x08002ca8       0x70 ./Core/Src/mainpp.o
                0x08002ca8                std_msgs::UInt32::deserialize(unsigned char*)
 .text._ZN8std_msgs6UInt327getTypeEv
                0x08002d18       0x18 ./Core/Src/mainpp.o
                0x08002d18                std_msgs::UInt32::getType()
 .text._ZN8std_msgs6UInt326getMD5Ev
                0x08002d30       0x18 ./Core/Src/mainpp.o
                0x08002d30                std_msgs::UInt32::getMD5()
 .text._ZN3ros15NodeHandleBase_C2Ev
                0x08002d48       0x20 ./Core/Src/mainpp.o
                0x08002d48                ros::NodeHandleBase_::NodeHandleBase_()
                0x08002d48                ros::NodeHandleBase_::NodeHandleBase_()
 .text._ZN3ros11NodeHandle_I13STM32HardwareLi25ELi25ELi512ELi512EEC2Ev
                0x08002d68       0xf0 ./Core/Src/mainpp.o
                0x08002d68                ros::NodeHandle_<STM32Hardware, 25, 25, 512, 512>::NodeHandle_()
                0x08002d68                ros::NodeHandle_<STM32Hardware, 25, 25, 512, 512>::NodeHandle_()
 .text._Z19robotCmdVelCallBackRKN8std_msgs6UInt32E
                0x08002e58       0x60 ./Core/Src/mainpp.o
                0x08002e58                robotCmdVelCallBack(std_msgs::UInt32 const&)
 .text.HAL_UART_TxCpltCallback
                0x08002eb8       0x24 ./Core/Src/mainpp.o
                0x08002eb8                HAL_UART_TxCpltCallback
 .text.HAL_UART_RxCpltCallback
                0x08002edc       0x24 ./Core/Src/mainpp.o
                0x08002edc                HAL_UART_RxCpltCallback
 .text.HAL_TIM_PeriodElapsedCallback
                0x08002f00       0xc0 ./Core/Src/mainpp.o
                0x08002f00                HAL_TIM_PeriodElapsedCallback
 .text.setup    0x08002fc0       0x68 ./Core/Src/mainpp.o
                0x08002fc0                setup
 .text._ZN3ros3Msg8varToArrIPhmEEvT_T0_
                0x08003028       0x3c ./Core/Src/mainpp.o
                0x08003028                void ros::Msg::varToArr<unsigned char*, unsigned long>(unsigned char*, unsigned long)
 .text._ZN3ros3Msg8arrToVarImPhEEvRT_T0_
                0x08003064       0x4a ./Core/Src/mainpp.o
                0x08003064                void ros::Msg::arrToVar<unsigned long, unsigned char*>(unsigned long&, unsigned char*)
 *fill*         0x080030ae        0x2 
 .text._ZN3ros11Subscriber_C2Ev
                0x080030b0       0x20 ./Core/Src/mainpp.o
                0x080030b0                ros::Subscriber_::Subscriber_()
                0x080030b0                ros::Subscriber_::Subscriber_()
 .text._ZN3ros10SubscriberIN8std_msgs6UInt32EvEC2EPKcPFvRKS2_Ei
                0x080030d0       0x48 ./Core/Src/mainpp.o
                0x080030d0                ros::Subscriber<std_msgs::UInt32, void>::Subscriber(char const*, void (*)(std_msgs::UInt32 const&), int)
                0x080030d0                ros::Subscriber<std_msgs::UInt32, void>::Subscriber(char const*, void (*)(std_msgs::UInt32 const&), int)
 .text._ZN3ros11NodeHandle_I13STM32HardwareLi25ELi25ELi512ELi512EE11getHardwareEv
                0x08003118       0x16 ./Core/Src/mainpp.o
                0x08003118                ros::NodeHandle_<STM32Hardware, 25, 25, 512, 512>::getHardware()
 .text._ZN3ros11NodeHandle_I13STM32HardwareLi25ELi25ELi512ELi512EE8initNodeEv
                0x0800312e       0x3a ./Core/Src/mainpp.o
                0x0800312e                ros::NodeHandle_<STM32Hardware, 25, 25, 512, 512>::initNode()
 .text._ZN3ros11NodeHandle_I13STM32HardwareLi25ELi25ELi512ELi512EE9advertiseERNS_9PublisherE
                0x08003168       0x5e ./Core/Src/mainpp.o
                0x08003168                ros::NodeHandle_<STM32Hardware, 25, 25, 512, 512>::advertise(ros::Publisher&)
 .text._ZN3ros11NodeHandle_I13STM32HardwareLi25ELi25ELi512ELi512EE9subscribeERNS_11Subscriber_E
                0x080031c6       0x54 ./Core/Src/mainpp.o
                0x080031c6                ros::NodeHandle_<STM32Hardware, 25, 25, 512, 512>::subscribe(ros::Subscriber_&)
 .text._ZN3ros11NodeHandle_I13STM32HardwareLi25ELi25ELi512ELi512EE8spinOnceEv
                0x0800321a      0x3b2 ./Core/Src/mainpp.o
                0x0800321a                ros::NodeHandle_<STM32Hardware, 25, 25, 512, 512>::spinOnce()
 .text._ZN3ros11NodeHandle_I13STM32HardwareLi25ELi25ELi512ELi512EE15requestSyncTimeEv
                0x080035cc       0x3c ./Core/Src/mainpp.o
                0x080035cc                ros::NodeHandle_<STM32Hardware, 25, 25, 512, 512>::requestSyncTime()
 .text._ZN3ros11NodeHandle_I13STM32HardwareLi25ELi25ELi512ELi512EE15negotiateTopicsEv
                0x08003608      0x1be ./Core/Src/mainpp.o
                0x08003608                ros::NodeHandle_<STM32Hardware, 25, 25, 512, 512>::negotiateTopics()
 *fill*         0x080037c6        0x2 
 .text._ZN3ros11NodeHandle_I13STM32HardwareLi25ELi25ELi512ELi512EE8syncTimeEPh
                0x080037c8       0x98 ./Core/Src/mainpp.o
                0x080037c8                ros::NodeHandle_<STM32Hardware, 25, 25, 512, 512>::syncTime(unsigned char*)
 .text._ZN3ros11NodeHandle_I13STM32HardwareLi25ELi25ELi512ELi512EE7publishEiPKNS_3MsgE
                0x08003860      0x128 ./Core/Src/mainpp.o
                0x08003860                ros::NodeHandle_<STM32Hardware, 25, 25, 512, 512>::publish(int, ros::Msg const*)
 .text._ZN3ros11NodeHandle_I13STM32HardwareLi25ELi25ELi512ELi512EE6setNowERKNS_4TimeE
                0x08003988       0x80 ./Core/Src/mainpp.o
                0x08003988                ros::NodeHandle_<STM32Hardware, 25, 25, 512, 512>::setNow(ros::Time const&)
 .text._ZN3ros11NodeHandle_I13STM32HardwareLi25ELi25ELi512ELi512EE8logerrorEPKc
                0x08003a08       0x1c ./Core/Src/mainpp.o
                0x08003a08                ros::NodeHandle_<STM32Hardware, 25, 25, 512, 512>::logerror(char const*)
 .text._ZN3ros11NodeHandle_I13STM32HardwareLi25ELi25ELi512ELi512EE3logEcPKc
                0x08003a24       0x38 ./Core/Src/mainpp.o
                0x08003a24                ros::NodeHandle_<STM32Hardware, 25, 25, 512, 512>::log(char, char const*)
 .text._Z41__static_initialization_and_destruction_0ii
                0x08003a5c       0x64 ./Core/Src/mainpp.o
 .text._ZN3ros10SubscriberIN8std_msgs6UInt32EvE8callbackEPh
                0x08003ac0       0x2a ./Core/Src/mainpp.o
                0x08003ac0                ros::Subscriber<std_msgs::UInt32, void>::callback(unsigned char*)
 .text._ZN3ros10SubscriberIN8std_msgs6UInt32EvE15getEndpointTypeEv
                0x08003aea       0x16 ./Core/Src/mainpp.o
                0x08003aea                ros::Subscriber<std_msgs::UInt32, void>::getEndpointType()
 .text._ZN3ros10SubscriberIN8std_msgs6UInt32EvE10getMsgTypeEv
                0x08003b00       0x1c ./Core/Src/mainpp.o
                0x08003b00                ros::Subscriber<std_msgs::UInt32, void>::getMsgType()
 .text._ZN3ros10SubscriberIN8std_msgs6UInt32EvE9getMsgMD5Ev
                0x08003b1c       0x1c ./Core/Src/mainpp.o
                0x08003b1c                ros::Subscriber<std_msgs::UInt32, void>::getMsgMD5()
 .text._ZN3ros11NodeHandle_I13STM32HardwareLi25ELi25ELi512ELi512EE9connectedEv
                0x08003b38       0x18 ./Core/Src/mainpp.o
                0x08003b38                ros::NodeHandle_<STM32Hardware, 25, 25, 512, 512>::connected()
 .text._GLOBAL__sub_I_nh
                0x08003b50       0x10 ./Core/Src/mainpp.o
 .text.HAL_MspInit
                0x08003b60       0x64 ./Core/Src/stm32f1xx_hal_msp.o
                0x08003b60                HAL_MspInit
 .text.HAL_TIM_Base_MspInit
                0x08003bc4       0x74 ./Core/Src/stm32f1xx_hal_msp.o
                0x08003bc4                HAL_TIM_Base_MspInit
 .text.HAL_TIM_Encoder_MspInit
                0x08003c38       0xd0 ./Core/Src/stm32f1xx_hal_msp.o
                0x08003c38                HAL_TIM_Encoder_MspInit
 .text.HAL_TIM_MspPostInit
                0x08003d08       0x64 ./Core/Src/stm32f1xx_hal_msp.o
                0x08003d08                HAL_TIM_MspPostInit
 .text.HAL_UART_MspInit
                0x08003d6c      0x158 ./Core/Src/stm32f1xx_hal_msp.o
                0x08003d6c                HAL_UART_MspInit
 .text.NMI_Handler
                0x08003ec4        0x8 ./Core/Src/stm32f1xx_it.o
                0x08003ec4                NMI_Handler
 .text.HardFault_Handler
                0x08003ecc        0x8 ./Core/Src/stm32f1xx_it.o
                0x08003ecc                HardFault_Handler
 .text.MemManage_Handler
                0x08003ed4        0x8 ./Core/Src/stm32f1xx_it.o
                0x08003ed4                MemManage_Handler
 .text.BusFault_Handler
                0x08003edc        0x8 ./Core/Src/stm32f1xx_it.o
                0x08003edc                BusFault_Handler
 .text.UsageFault_Handler
                0x08003ee4        0x8 ./Core/Src/stm32f1xx_it.o
                0x08003ee4                UsageFault_Handler
 .text.SVC_Handler
                0x08003eec        0xc ./Core/Src/stm32f1xx_it.o
                0x08003eec                SVC_Handler
 .text.DebugMon_Handler
                0x08003ef8        0xc ./Core/Src/stm32f1xx_it.o
                0x08003ef8                DebugMon_Handler
 .text.PendSV_Handler
                0x08003f04        0xc ./Core/Src/stm32f1xx_it.o
                0x08003f04                PendSV_Handler
 .text.SysTick_Handler
                0x08003f10        0xc ./Core/Src/stm32f1xx_it.o
                0x08003f10                SysTick_Handler
 .text.DMA1_Channel4_IRQHandler
                0x08003f1c       0x14 ./Core/Src/stm32f1xx_it.o
                0x08003f1c                DMA1_Channel4_IRQHandler
 .text.DMA1_Channel5_IRQHandler
                0x08003f30       0x14 ./Core/Src/stm32f1xx_it.o
                0x08003f30                DMA1_Channel5_IRQHandler
 .text.TIM1_UP_IRQHandler
                0x08003f44       0x14 ./Core/Src/stm32f1xx_it.o
                0x08003f44                TIM1_UP_IRQHandler
 .text.USART1_IRQHandler
                0x08003f58       0x14 ./Core/Src/stm32f1xx_it.o
                0x08003f58                USART1_IRQHandler
 .text._getpid  0x08003f6c        0xe ./Core/Src/syscalls.o
                0x08003f6c                _getpid
 .text._kill    0x08003f7a       0x20 ./Core/Src/syscalls.o
                0x08003f7a                _kill
 .text._exit    0x08003f9a       0x16 ./Core/Src/syscalls.o
                0x08003f9a                _exit
 .text._read    0x08003fb0       0x3a ./Core/Src/syscalls.o
                0x08003fb0                _read
 .text._write   0x08003fea       0x38 ./Core/Src/syscalls.o
                0x08003fea                _write
 .text._close   0x08004022       0x16 ./Core/Src/syscalls.o
                0x08004022                _close
 .text._fstat   0x08004038       0x1e ./Core/Src/syscalls.o
                0x08004038                _fstat
 .text._isatty  0x08004056       0x14 ./Core/Src/syscalls.o
                0x08004056                _isatty
 .text._lseek   0x0800406a       0x18 ./Core/Src/syscalls.o
                0x0800406a                _lseek
 *fill*         0x08004082        0x2 
 .text._sbrk    0x08004084       0x6c ./Core/Src/sysmem.o
                0x08004084                _sbrk
 .text.SystemInit
                0x080040f0        0xc ./Core/Src/system_stm32f1xx.o
                0x080040f0                SystemInit
 .text._ZN3ros16normalizeSecNSecERmS0_
                0x080040fc       0x58 ./Core/Src/time.o
                0x080040fc                ros::normalizeSecNSec(unsigned long&, unsigned long&)
 .text.Reset_Handler
                0x08004154       0x48 ./Core/Startup/startup_stm32f103c8tx.o
                0x08004154                Reset_Handler
 .text.Default_Handler
                0x0800419c        0x2 ./Core/Startup/startup_stm32f103c8tx.o
                0x0800419c                RTC_Alarm_IRQHandler
                0x0800419c                EXTI2_IRQHandler
                0x0800419c                TIM1_CC_IRQHandler
                0x0800419c                PVD_IRQHandler
                0x0800419c                EXTI3_IRQHandler
                0x0800419c                EXTI0_IRQHandler
                0x0800419c                I2C2_EV_IRQHandler
                0x0800419c                ADC1_2_IRQHandler
                0x0800419c                SPI1_IRQHandler
                0x0800419c                TAMPER_IRQHandler
                0x0800419c                USART3_IRQHandler
                0x0800419c                RTC_IRQHandler
                0x0800419c                DMA1_Channel7_IRQHandler
                0x0800419c                CAN1_RX1_IRQHandler
                0x0800419c                TIM4_IRQHandler
                0x0800419c                I2C1_EV_IRQHandler
                0x0800419c                DMA1_Channel6_IRQHandler
                0x0800419c                TIM3_IRQHandler
                0x0800419c                RCC_IRQHandler
                0x0800419c                TIM1_TRG_COM_IRQHandler
                0x0800419c                DMA1_Channel1_IRQHandler
                0x0800419c                Default_Handler
                0x0800419c                EXTI15_10_IRQHandler
                0x0800419c                EXTI9_5_IRQHandler
                0x0800419c                SPI2_IRQHandler
                0x0800419c                EXTI4_IRQHandler
                0x0800419c                USB_LP_CAN1_RX0_IRQHandler
                0x0800419c                USB_HP_CAN1_TX_IRQHandler
                0x0800419c                DMA1_Channel3_IRQHandler
                0x0800419c                WWDG_IRQHandler
                0x0800419c                TIM2_IRQHandler
                0x0800419c                TIM1_BRK_IRQHandler
                0x0800419c                EXTI1_IRQHandler
                0x0800419c                USART2_IRQHandler
                0x0800419c                I2C2_ER_IRQHandler
                0x0800419c                DMA1_Channel2_IRQHandler
                0x0800419c                CAN1_SCE_IRQHandler
                0x0800419c                FLASH_IRQHandler
                0x0800419c                I2C1_ER_IRQHandler
                0x0800419c                USBWakeUp_IRQHandler
 *fill*         0x0800419e        0x2 
 .text.HAL_Init
                0x080041a0       0x2c ./Drivers/STM32F1xx_HAL_Driver/Src/stm32f1xx_hal.o
                0x080041a0                HAL_Init
 .text.HAL_InitTick
                0x080041cc       0x60 ./Drivers/STM32F1xx_HAL_Driver/Src/stm32f1xx_hal.o
                0x080041cc                HAL_InitTick
 .text.HAL_IncTick
                0x0800422c       0x24 ./Drivers/STM32F1xx_HAL_Driver/Src/stm32f1xx_hal.o
                0x0800422c                HAL_IncTick
 .text.HAL_GetTick
                0x08004250       0x14 ./Drivers/STM32F1xx_HAL_Driver/Src/stm32f1xx_hal.o
                0x08004250                HAL_GetTick
 .text.__NVIC_SetPriorityGrouping
                0x08004264       0x48 ./Drivers/STM32F1xx_HAL_Driver/Src/stm32f1xx_hal_cortex.o
 .text.__NVIC_GetPriorityGrouping
                0x080042ac       0x1c ./Drivers/STM32F1xx_HAL_Driver/Src/stm32f1xx_hal_cortex.o
 .text.__NVIC_EnableIRQ
                0x080042c8       0x38 ./Drivers/STM32F1xx_HAL_Driver/Src/stm32f1xx_hal_cortex.o
 .text.__NVIC_SetPriority
                0x08004300       0x54 ./Drivers/STM32F1xx_HAL_Driver/Src/stm32f1xx_hal_cortex.o
 .text.NVIC_EncodePriority
                0x08004354       0x64 ./Drivers/STM32F1xx_HAL_Driver/Src/stm32f1xx_hal_cortex.o
 .text.SysTick_Config
                0x080043b8       0x44 ./Drivers/STM32F1xx_HAL_Driver/Src/stm32f1xx_hal_cortex.o
 .text.HAL_NVIC_SetPriorityGrouping
                0x080043fc       0x16 ./Drivers/STM32F1xx_HAL_Driver/Src/stm32f1xx_hal_cortex.o
                0x080043fc                HAL_NVIC_SetPriorityGrouping
 .text.HAL_NVIC_SetPriority
                0x08004412       0x38 ./Drivers/STM32F1xx_HAL_Driver/Src/stm32f1xx_hal_cortex.o
                0x08004412                HAL_NVIC_SetPriority
 .text.HAL_NVIC_EnableIRQ
                0x0800444a       0x1c ./Drivers/STM32F1xx_HAL_Driver/Src/stm32f1xx_hal_cortex.o
                0x0800444a                HAL_NVIC_EnableIRQ
 .text.HAL_SYSTICK_Config
                0x08004466       0x18 ./Drivers/STM32F1xx_HAL_Driver/Src/stm32f1xx_hal_cortex.o
                0x08004466                HAL_SYSTICK_Config
 *fill*         0x0800447e        0x2 
 .text.HAL_DMA_Init
                0x08004480       0xb4 ./Drivers/STM32F1xx_HAL_Driver/Src/stm32f1xx_hal_dma.o
                0x08004480                HAL_DMA_Init
 .text.HAL_DMA_Start_IT
                0x08004534       0xc0 ./Drivers/STM32F1xx_HAL_Driver/Src/stm32f1xx_hal_dma.o
                0x08004534                HAL_DMA_Start_IT
 .text.HAL_DMA_Abort
                0x080045f4       0x76 ./Drivers/STM32F1xx_HAL_Driver/Src/stm32f1xx_hal_dma.o
                0x080045f4                HAL_DMA_Abort
 *fill*         0x0800466a        0x2 
 .text.HAL_DMA_Abort_IT
                0x0800466c       0xf0 ./Drivers/STM32F1xx_HAL_Driver/Src/stm32f1xx_hal_dma.o
                0x0800466c                HAL_DMA_Abort_IT
 .text.HAL_DMA_IRQHandler
                0x0800475c      0x20c ./Drivers/STM32F1xx_HAL_Driver/Src/stm32f1xx_hal_dma.o
                0x0800475c                HAL_DMA_IRQHandler
 .text.DMA_SetConfig
                0x08004968       0x5a ./Drivers/STM32F1xx_HAL_Driver/Src/stm32f1xx_hal_dma.o
 *fill*         0x080049c2        0x2 
 .text.HAL_GPIO_Init
                0x080049c4      0x308 ./Drivers/STM32F1xx_HAL_Driver/Src/stm32f1xx_hal_gpio.o
                0x080049c4                HAL_GPIO_Init
 .text.HAL_GPIO_WritePin
                0x08004ccc       0x30 ./Drivers/STM32F1xx_HAL_Driver/Src/stm32f1xx_hal_gpio.o
                0x08004ccc                HAL_GPIO_WritePin
 .text.HAL_GPIO_TogglePin
                0x08004cfc       0x32 ./Drivers/STM32F1xx_HAL_Driver/Src/stm32f1xx_hal_gpio.o
                0x08004cfc                HAL_GPIO_TogglePin
 *fill*         0x08004d2e        0x2 
 .text.HAL_RCC_OscConfig
                0x08004d30      0x504 ./Drivers/STM32F1xx_HAL_Driver/Src/stm32f1xx_hal_rcc.o
                0x08004d30                HAL_RCC_OscConfig
 .text.HAL_RCC_ClockConfig
                0x08005234      0x1d4 ./Drivers/STM32F1xx_HAL_Driver/Src/stm32f1xx_hal_rcc.o
                0x08005234                HAL_RCC_ClockConfig
 .text.HAL_RCC_GetSysClockFreq
                0x08005408       0xa8 ./Drivers/STM32F1xx_HAL_Driver/Src/stm32f1xx_hal_rcc.o
                0x08005408                HAL_RCC_GetSysClockFreq
 .text.HAL_RCC_GetHCLKFreq
                0x080054b0       0x14 ./Drivers/STM32F1xx_HAL_Driver/Src/stm32f1xx_hal_rcc.o
                0x080054b0                HAL_RCC_GetHCLKFreq
 .text.HAL_RCC_GetPCLK1Freq
                0x080054c4       0x28 ./Drivers/STM32F1xx_HAL_Driver/Src/stm32f1xx_hal_rcc.o
                0x080054c4                HAL_RCC_GetPCLK1Freq
 .text.HAL_RCC_GetPCLK2Freq
                0x080054ec       0x28 ./Drivers/STM32F1xx_HAL_Driver/Src/stm32f1xx_hal_rcc.o
                0x080054ec                HAL_RCC_GetPCLK2Freq
 .text.RCC_Delay
                0x08005514       0x3c ./Drivers/STM32F1xx_HAL_Driver/Src/stm32f1xx_hal_rcc.o
 .text.HAL_TIM_Base_Init
                0x08005550       0x9e ./Drivers/STM32F1xx_HAL_Driver/Src/stm32f1xx_hal_tim.o
                0x08005550                HAL_TIM_Base_Init
 *fill*         0x080055ee        0x2 
 .text.HAL_TIM_Base_Start_IT
                0x080055f0       0xa4 ./Drivers/STM32F1xx_HAL_Driver/Src/stm32f1xx_hal_tim.o
                0x080055f0                HAL_TIM_Base_Start_IT
 .text.HAL_TIM_PWM_Init
                0x08005694       0x9e ./Drivers/STM32F1xx_HAL_Driver/Src/stm32f1xx_hal_tim.o
                0x08005694                HAL_TIM_PWM_Init
 .text.HAL_TIM_PWM_MspInit
                0x08005732       0x12 ./Drivers/STM32F1xx_HAL_Driver/Src/stm32f1xx_hal_tim.o
                0x08005732                HAL_TIM_PWM_MspInit
 .text.HAL_TIM_PWM_Start
                0x08005744      0x144 ./Drivers/STM32F1xx_HAL_Driver/Src/stm32f1xx_hal_tim.o
                0x08005744                HAL_TIM_PWM_Start
 .text.HAL_TIM_Encoder_Init
                0x08005888      0x144 ./Drivers/STM32F1xx_HAL_Driver/Src/stm32f1xx_hal_tim.o
                0x08005888                HAL_TIM_Encoder_Init
 .text.HAL_TIM_Encoder_Start
                0x080059cc      0x11c ./Drivers/STM32F1xx_HAL_Driver/Src/stm32f1xx_hal_tim.o
                0x080059cc                HAL_TIM_Encoder_Start
 .text.HAL_TIM_IRQHandler
                0x08005ae8      0x210 ./Drivers/STM32F1xx_HAL_Driver/Src/stm32f1xx_hal_tim.o
                0x08005ae8                HAL_TIM_IRQHandler
 .text.HAL_TIM_PWM_ConfigChannel
                0x08005cf8      0x184 ./Drivers/STM32F1xx_HAL_Driver/Src/stm32f1xx_hal_tim.o
                0x08005cf8                HAL_TIM_PWM_ConfigChannel
 .text.HAL_TIM_ConfigClockSource
                0x08005e7c      0x18e ./Drivers/STM32F1xx_HAL_Driver/Src/stm32f1xx_hal_tim.o
                0x08005e7c                HAL_TIM_ConfigClockSource
 .text.HAL_TIM_OC_DelayElapsedCallback
                0x0800600a       0x12 ./Drivers/STM32F1xx_HAL_Driver/Src/stm32f1xx_hal_tim.o
                0x0800600a                HAL_TIM_OC_DelayElapsedCallback
 .text.HAL_TIM_IC_CaptureCallback
                0x0800601c       0x12 ./Drivers/STM32F1xx_HAL_Driver/Src/stm32f1xx_hal_tim.o
                0x0800601c                HAL_TIM_IC_CaptureCallback
 .text.HAL_TIM_PWM_PulseFinishedCallback
                0x0800602e       0x12 ./Drivers/STM32F1xx_HAL_Driver/Src/stm32f1xx_hal_tim.o
                0x0800602e                HAL_TIM_PWM_PulseFinishedCallback
 .text.HAL_TIM_TriggerCallback
                0x08006040       0x12 ./Drivers/STM32F1xx_HAL_Driver/Src/stm32f1xx_hal_tim.o
                0x08006040                HAL_TIM_TriggerCallback
 *fill*         0x08006052        0x2 
 .text.TIM_Base_SetConfig
                0x08006054       0xc4 ./Drivers/STM32F1xx_HAL_Driver/Src/stm32f1xx_hal_tim.o
                0x08006054                TIM_Base_SetConfig
 .text.TIM_OC1_SetConfig
                0x08006118       0xcc ./Drivers/STM32F1xx_HAL_Driver/Src/stm32f1xx_hal_tim.o
 .text.TIM_OC2_SetConfig
                0x080061e4       0xd4 ./Drivers/STM32F1xx_HAL_Driver/Src/stm32f1xx_hal_tim.o
                0x080061e4                TIM_OC2_SetConfig
 .text.TIM_OC3_SetConfig
                0x080062b8       0xd4 ./Drivers/STM32F1xx_HAL_Driver/Src/stm32f1xx_hal_tim.o
 .text.TIM_OC4_SetConfig
                0x0800638c       0x9c ./Drivers/STM32F1xx_HAL_Driver/Src/stm32f1xx_hal_tim.o
 .text.TIM_TI1_ConfigInputStage
                0x08006428       0x5c ./Drivers/STM32F1xx_HAL_Driver/Src/stm32f1xx_hal_tim.o
 .text.TIM_TI2_ConfigInputStage
                0x08006484       0x5e ./Drivers/STM32F1xx_HAL_Driver/Src/stm32f1xx_hal_tim.o
 .text.TIM_ITRx_SetConfig
                0x080064e2       0x34 ./Drivers/STM32F1xx_HAL_Driver/Src/stm32f1xx_hal_tim.o
 .text.TIM_ETR_SetConfig
                0x08006516       0x3e ./Drivers/STM32F1xx_HAL_Driver/Src/stm32f1xx_hal_tim.o
                0x08006516                TIM_ETR_SetConfig
 .text.TIM_CCxChannelCmd
                0x08006554       0x48 ./Drivers/STM32F1xx_HAL_Driver/Src/stm32f1xx_hal_tim.o
                0x08006554                TIM_CCxChannelCmd
 .text.HAL_TIMEx_MasterConfigSynchronization
                0x0800659c       0xbc ./Drivers/STM32F1xx_HAL_Driver/Src/stm32f1xx_hal_tim_ex.o
                0x0800659c                HAL_TIMEx_MasterConfigSynchronization
 .text.HAL_TIMEx_CommutCallback
                0x08006658       0x12 ./Drivers/STM32F1xx_HAL_Driver/Src/stm32f1xx_hal_tim_ex.o
                0x08006658                HAL_TIMEx_CommutCallback
 .text.HAL_TIMEx_BreakCallback
                0x0800666a       0x12 ./Drivers/STM32F1xx_HAL_Driver/Src/stm32f1xx_hal_tim_ex.o
                0x0800666a                HAL_TIMEx_BreakCallback
 .text.HAL_UART_Init
                0x0800667c       0xa0 ./Drivers/STM32F1xx_HAL_Driver/Src/stm32f1xx_hal_uart.o
                0x0800667c                HAL_UART_Init
 .text.HAL_UART_Transmit_DMA
                0x0800671c       0xe0 ./Drivers/STM32F1xx_HAL_Driver/Src/stm32f1xx_hal_uart.o
                0x0800671c                HAL_UART_Transmit_DMA
 .text.HAL_UART_Receive_DMA
                0x080067fc       0x4a ./Drivers/STM32F1xx_HAL_Driver/Src/stm32f1xx_hal_uart.o
                0x080067fc                HAL_UART_Receive_DMA
 *fill*         0x08006846        0x2 
 .text.HAL_UART_IRQHandler
                0x08006848      0x524 ./Drivers/STM32F1xx_HAL_Driver/Src/stm32f1xx_hal_uart.o
                0x08006848                HAL_UART_IRQHandler
 .text.HAL_UART_TxHalfCpltCallback
                0x08006d6c       0x12 ./Drivers/STM32F1xx_HAL_Driver/Src/stm32f1xx_hal_uart.o
                0x08006d6c                HAL_UART_TxHalfCpltCallback
 .text.HAL_UART_RxHalfCpltCallback
                0x08006d7e       0x12 ./Drivers/STM32F1xx_HAL_Driver/Src/stm32f1xx_hal_uart.o
                0x08006d7e                HAL_UART_RxHalfCpltCallback
 .text.HAL_UART_ErrorCallback
                0x08006d90       0x12 ./Drivers/STM32F1xx_HAL_Driver/Src/stm32f1xx_hal_uart.o
                0x08006d90                HAL_UART_ErrorCallback
 .text.HAL_UARTEx_RxEventCallback
                0x08006da2       0x16 ./Drivers/STM32F1xx_HAL_Driver/Src/stm32f1xx_hal_uart.o
                0x08006da2                HAL_UARTEx_RxEventCallback
 .text.UART_DMATransmitCplt
                0x08006db8       0x9a ./Drivers/STM32F1xx_HAL_Driver/Src/stm32f1xx_hal_uart.o
 .text.UART_DMATxHalfCplt
                0x08006e52       0x1c ./Drivers/STM32F1xx_HAL_Driver/Src/stm32f1xx_hal_uart.o
 .text.UART_DMAReceiveCplt
                0x08006e6e      0x12c ./Drivers/STM32F1xx_HAL_Driver/Src/stm32f1xx_hal_uart.o
 .text.UART_DMARxHalfCplt
                0x08006f9a       0x3c ./Drivers/STM32F1xx_HAL_Driver/Src/stm32f1xx_hal_uart.o
 .text.UART_DMAError
                0x08006fd6       0x94 ./Drivers/STM32F1xx_HAL_Driver/Src/stm32f1xx_hal_uart.o
 *fill*         0x0800706a        0x2 
 .text.UART_Start_Receive_DMA
                0x0800706c      0x134 ./Drivers/STM32F1xx_HAL_Driver/Src/stm32f1xx_hal_uart.o
                0x0800706c                UART_Start_Receive_DMA
 .text.UART_EndTxTransfer
                0x080071a0       0x4e ./Drivers/STM32F1xx_HAL_Driver/Src/stm32f1xx_hal_uart.o
 .text.UART_EndRxTransfer
                0x080071ee       0xc4 ./Drivers/STM32F1xx_HAL_Driver/Src/stm32f1xx_hal_uart.o
 .text.UART_DMAAbortOnError
                0x080072b2       0x28 ./Drivers/STM32F1xx_HAL_Driver/Src/stm32f1xx_hal_uart.o
 .text.UART_Transmit_IT
                0x080072da       0x9e ./Drivers/STM32F1xx_HAL_Driver/Src/stm32f1xx_hal_uart.o
 .text.UART_EndTransmit_IT
                0x08007378       0x30 ./Drivers/STM32F1xx_HAL_Driver/Src/stm32f1xx_hal_uart.o
 .text.UART_Receive_IT
                0x080073a8      0x17c ./Drivers/STM32F1xx_HAL_Driver/Src/stm32f1xx_hal_uart.o
 .text.UART_SetConfig
                0x08007524      0x11c ./Drivers/STM32F1xx_HAL_Driver/Src/stm32f1xx_hal_uart.o
 .text.realloc  0x08007640       0x10 /opt/st/stm32cubeide_1.16.0/plugins/com.st.stm32cube.ide.mcu.externaltools.gnu-tools-for-stm32.12.3.rel1.linux64_1.0.200.202406132123/tools/bin/../lib/gcc/arm-none-eabi/12.3.1/../../../../arm-none-eabi/lib/thumb/v7-m/nofp/libc_nano.a(libc_a-realloc.o)
                0x08007640                realloc
 .text._realloc_r
                0x08007650       0x5c /opt/st/stm32cubeide_1.16.0/plugins/com.st.stm32cube.ide.mcu.externaltools.gnu-tools-for-stm32.12.3.rel1.linux64_1.0.200.202406132123/tools/bin/../lib/gcc/arm-none-eabi/12.3.1/../../../../arm-none-eabi/lib/thumb/v7-m/nofp/libc_nano.a(libc_a-reallocr.o)
                0x08007650                _realloc_r
 .text.__cvt    0x080076ac       0xc8 /opt/st/stm32cubeide_1.16.0/plugins/com.st.stm32cube.ide.mcu.externaltools.gnu-tools-for-stm32.12.3.rel1.linux64_1.0.200.202406132123/tools/bin/../lib/gcc/arm-none-eabi/12.3.1/../../../../arm-none-eabi/lib/thumb/v7-m/nofp/libc_nano.a(libc_a-nano-vfprintf_float.o)
                0x080076ac                __cvt
 .text.__exponent
                0x08007774       0x74 /opt/st/stm32cubeide_1.16.0/plugins/com.st.stm32cube.ide.mcu.externaltools.gnu-tools-for-stm32.12.3.rel1.linux64_1.0.200.202406132123/tools/bin/../lib/gcc/arm-none-eabi/12.3.1/../../../../arm-none-eabi/lib/thumb/v7-m/nofp/libc_nano.a(libc_a-nano-vfprintf_float.o)
                0x08007774                __exponent
 .text._printf_float
                0x080077e8      0x458 /opt/st/stm32cubeide_1.16.0/plugins/com.st.stm32cube.ide.mcu.externaltools.gnu-tools-for-stm32.12.3.rel1.linux64_1.0.200.202406132123/tools/bin/../lib/gcc/arm-none-eabi/12.3.1/../../../../arm-none-eabi/lib/thumb/v7-m/nofp/libc_nano.a(libc_a-nano-vfprintf_float.o)
                0x080077e8                _printf_float
 .text._printf_common
                0x08007c40       0xe4 /opt/st/stm32cubeide_1.16.0/plugins/com.st.stm32cube.ide.mcu.externaltools.gnu-tools-for-stm32.12.3.rel1.linux64_1.0.200.202406132123/tools/bin/../lib/gcc/arm-none-eabi/12.3.1/../../../../arm-none-eabi/lib/thumb/v7-m/nofp/libc_nano.a(libc_a-nano-vfprintf_i.o)
                0x08007c40                _printf_common
 .text._printf_i
                0x08007d24      0x240 /opt/st/stm32cubeide_1.16.0/plugins/com.st.stm32cube.ide.mcu.externaltools.gnu-tools-for-stm32.12.3.rel1.linux64_1.0.200.202406132123/tools/bin/../lib/gcc/arm-none-eabi/12.3.1/../../../../arm-none-eabi/lib/thumb/v7-m/nofp/libc_nano.a(libc_a-nano-vfprintf_i.o)
                0x08007d24                _printf_i
 .text.std      0x08007f64       0x6c /opt/st/stm32cubeide_1.16.0/plugins/com.st.stm32cube.ide.mcu.externaltools.gnu-tools-for-stm32.12.3.rel1.linux64_1.0.200.202406132123/tools/bin/../lib/gcc/arm-none-eabi/12.3.1/../../../../arm-none-eabi/lib/thumb/v7-m/nofp/libc_nano.a(libc_a-findfp.o)
 .text.stdio_exit_handler
                0x08007fd0       0x18 /opt/st/stm32cubeide_1.16.0/plugins/com.st.stm32cube.ide.mcu.externaltools.gnu-tools-for-stm32.12.3.rel1.linux64_1.0.200.202406132123/tools/bin/../lib/gcc/arm-none-eabi/12.3.1/../../../../arm-none-eabi/lib/thumb/v7-m/nofp/libc_nano.a(libc_a-findfp.o)
 .text.cleanup_stdio
                0x08007fe8       0x40 /opt/st/stm32cubeide_1.16.0/plugins/com.st.stm32cube.ide.mcu.externaltools.gnu-tools-for-stm32.12.3.rel1.linux64_1.0.200.202406132123/tools/bin/../lib/gcc/arm-none-eabi/12.3.1/../../../../arm-none-eabi/lib/thumb/v7-m/nofp/libc_nano.a(libc_a-findfp.o)
 .text.global_stdio_init.part.0
                0x08008028       0x3c /opt/st/stm32cubeide_1.16.0/plugins/com.st.stm32cube.ide.mcu.externaltools.gnu-tools-for-stm32.12.3.rel1.linux64_1.0.200.202406132123/tools/bin/../lib/gcc/arm-none-eabi/12.3.1/../../../../arm-none-eabi/lib/thumb/v7-m/nofp/libc_nano.a(libc_a-findfp.o)
 .text.__sfp_lock_acquire
                0x08008064        0xc /opt/st/stm32cubeide_1.16.0/plugins/com.st.stm32cube.ide.mcu.externaltools.gnu-tools-for-stm32.12.3.rel1.linux64_1.0.200.202406132123/tools/bin/../lib/gcc/arm-none-eabi/12.3.1/../../../../arm-none-eabi/lib/thumb/v7-m/nofp/libc_nano.a(libc_a-findfp.o)
                0x08008064                __sfp_lock_acquire
 .text.__sfp_lock_release
                0x08008070        0xc /opt/st/stm32cubeide_1.16.0/plugins/com.st.stm32cube.ide.mcu.externaltools.gnu-tools-for-stm32.12.3.rel1.linux64_1.0.200.202406132123/tools/bin/../lib/gcc/arm-none-eabi/12.3.1/../../../../arm-none-eabi/lib/thumb/v7-m/nofp/libc_nano.a(libc_a-findfp.o)
                0x08008070                __sfp_lock_release
 .text.__sinit  0x0800807c       0x30 /opt/st/stm32cubeide_1.16.0/plugins/com.st.stm32cube.ide.mcu.externaltools.gnu-tools-for-stm32.12.3.rel1.linux64_1.0.200.202406132123/tools/bin/../lib/gcc/arm-none-eabi/12.3.1/../../../../arm-none-eabi/lib/thumb/v7-m/nofp/libc_nano.a(libc_a-findfp.o)
                0x0800807c                __sinit
 .text._fwalk_sglue
                0x080080ac       0x3c /opt/st/stm32cubeide_1.16.0/plugins/com.st.stm32cube.ide.mcu.externaltools.gnu-tools-for-stm32.12.3.rel1.linux64_1.0.200.202406132123/tools/bin/../lib/gcc/arm-none-eabi/12.3.1/../../../../arm-none-eabi/lib/thumb/v7-m/nofp/libc_nano.a(libc_a-fwalk.o)
                0x080080ac                _fwalk_sglue
 .text.__sread  0x080080e8       0x22 /opt/st/stm32cubeide_1.16.0/plugins/com.st.stm32cube.ide.mcu.externaltools.gnu-tools-for-stm32.12.3.rel1.linux64_1.0.200.202406132123/tools/bin/../lib/gcc/arm-none-eabi/12.3.1/../../../../arm-none-eabi/lib/thumb/v7-m/nofp/libc_nano.a(libc_a-stdio.o)
                0x080080e8                __sread
 .text.__swrite
                0x0800810a       0x38 /opt/st/stm32cubeide_1.16.0/plugins/com.st.stm32cube.ide.mcu.externaltools.gnu-tools-for-stm32.12.3.rel1.linux64_1.0.200.202406132123/tools/bin/../lib/gcc/arm-none-eabi/12.3.1/../../../../arm-none-eabi/lib/thumb/v7-m/nofp/libc_nano.a(libc_a-stdio.o)
                0x0800810a                __swrite
 .text.__sseek  0x08008142       0x24 /opt/st/stm32cubeide_1.16.0/plugins/com.st.stm32cube.ide.mcu.externaltools.gnu-tools-for-stm32.12.3.rel1.linux64_1.0.200.202406132123/tools/bin/../lib/gcc/arm-none-eabi/12.3.1/../../../../arm-none-eabi/lib/thumb/v7-m/nofp/libc_nano.a(libc_a-stdio.o)
                0x08008142                __sseek
 .text.__sclose
                0x08008166        0x8 /opt/st/stm32cubeide_1.16.0/plugins/com.st.stm32cube.ide.mcu.externaltools.gnu-tools-for-stm32.12.3.rel1.linux64_1.0.200.202406132123/tools/bin/../lib/gcc/arm-none-eabi/12.3.1/../../../../arm-none-eabi/lib/thumb/v7-m/nofp/libc_nano.a(libc_a-stdio.o)
                0x08008166                __sclose
 .text.memset   0x0800816e       0x10 /opt/st/stm32cubeide_1.16.0/plugins/com.st.stm32cube.ide.mcu.externaltools.gnu-tools-for-stm32.12.3.rel1.linux64_1.0.200.202406132123/tools/bin/../lib/gcc/arm-none-eabi/12.3.1/../../../../arm-none-eabi/lib/thumb/v7-m/nofp/libc_nano.a(libc_a-memset.o)
                0x0800816e                memset
 *fill*         0x0800817e        0x2 
 .text._localeconv_r
                0x08008180        0x8 /opt/st/stm32cubeide_1.16.0/plugins/com.st.stm32cube.ide.mcu.externaltools.gnu-tools-for-stm32.12.3.rel1.linux64_1.0.200.202406132123/tools/bin/../lib/gcc/arm-none-eabi/12.3.1/../../../../arm-none-eabi/lib/thumb/v7-m/nofp/libc_nano.a(libc_a-localeconv.o)
                0x08008180                _localeconv_r
 .text._close_r
                0x08008188       0x20 /opt/st/stm32cubeide_1.16.0/plugins/com.st.stm32cube.ide.mcu.externaltools.gnu-tools-for-stm32.12.3.rel1.linux64_1.0.200.202406132123/tools/bin/../lib/gcc/arm-none-eabi/12.3.1/../../../../arm-none-eabi/lib/thumb/v7-m/nofp/libc_nano.a(libc_a-closer.o)
                0x08008188                _close_r
 .text._lseek_r
                0x080081a8       0x24 /opt/st/stm32cubeide_1.16.0/plugins/com.st.stm32cube.ide.mcu.externaltools.gnu-tools-for-stm32.12.3.rel1.linux64_1.0.200.202406132123/tools/bin/../lib/gcc/arm-none-eabi/12.3.1/../../../../arm-none-eabi/lib/thumb/v7-m/nofp/libc_nano.a(libc_a-lseekr.o)
                0x080081a8                _lseek_r
 .text._read_r  0x080081cc       0x24 /opt/st/stm32cubeide_1.16.0/plugins/com.st.stm32cube.ide.mcu.externaltools.gnu-tools-for-stm32.12.3.rel1.linux64_1.0.200.202406132123/tools/bin/../lib/gcc/arm-none-eabi/12.3.1/../../../../arm-none-eabi/lib/thumb/v7-m/nofp/libc_nano.a(libc_a-readr.o)
                0x080081cc                _read_r
 .text._write_r
                0x080081f0       0x24 /opt/st/stm32cubeide_1.16.0/plugins/com.st.stm32cube.ide.mcu.externaltools.gnu-tools-for-stm32.12.3.rel1.linux64_1.0.200.202406132123/tools/bin/../lib/gcc/arm-none-eabi/12.3.1/../../../../arm-none-eabi/lib/thumb/v7-m/nofp/libc_nano.a(libc_a-writer.o)
                0x080081f0                _write_r
 .text.__errno  0x08008214        0xc /opt/st/stm32cubeide_1.16.0/plugins/com.st.stm32cube.ide.mcu.externaltools.gnu-tools-for-stm32.12.3.rel1.linux64_1.0.200.202406132123/tools/bin/../lib/gcc/arm-none-eabi/12.3.1/../../../../arm-none-eabi/lib/thumb/v7-m/nofp/libc_nano.a(libc_a-errno.o)
                0x08008214                __errno
 .text.__libc_init_array
                0x08008220       0x48 /opt/st/stm32cubeide_1.16.0/plugins/com.st.stm32cube.ide.mcu.externaltools.gnu-tools-for-stm32.12.3.rel1.linux64_1.0.200.202406132123/tools/bin/../lib/gcc/arm-none-eabi/12.3.1/../../../../arm-none-eabi/lib/thumb/v7-m/nofp/libc_nano.a(libc_a-init.o)
                0x08008220                __libc_init_array
 .text.__retarget_lock_init_recursive
                0x08008268        0x2 /opt/st/stm32cubeide_1.16.0/plugins/com.st.stm32cube.ide.mcu.externaltools.gnu-tools-for-stm32.12.3.rel1.linux64_1.0.200.202406132123/tools/bin/../lib/gcc/arm-none-eabi/12.3.1/../../../../arm-none-eabi/lib/thumb/v7-m/nofp/libc_nano.a(libc_a-lock.o)
                0x08008268                __retarget_lock_init_recursive
 .text.__retarget_lock_acquire_recursive
                0x0800826a        0x2 /opt/st/stm32cubeide_1.16.0/plugins/com.st.stm32cube.ide.mcu.externaltools.gnu-tools-for-stm32.12.3.rel1.linux64_1.0.200.202406132123/tools/bin/../lib/gcc/arm-none-eabi/12.3.1/../../../../arm-none-eabi/lib/thumb/v7-m/nofp/libc_nano.a(libc_a-lock.o)
                0x0800826a                __retarget_lock_acquire_recursive
 .text.__retarget_lock_release_recursive
                0x0800826c        0x2 /opt/st/stm32cubeide_1.16.0/plugins/com.st.stm32cube.ide.mcu.externaltools.gnu-tools-for-stm32.12.3.rel1.linux64_1.0.200.202406132123/tools/bin/../lib/gcc/arm-none-eabi/12.3.1/../../../../arm-none-eabi/lib/thumb/v7-m/nofp/libc_nano.a(libc_a-lock.o)
                0x0800826c                __retarget_lock_release_recursive
 .text.memchr   0x0800826e       0x1c /opt/st/stm32cubeide_1.16.0/plugins/com.st.stm32cube.ide.mcu.externaltools.gnu-tools-for-stm32.12.3.rel1.linux64_1.0.200.202406132123/tools/bin/../lib/gcc/arm-none-eabi/12.3.1/../../../../arm-none-eabi/lib/thumb/v7-m/nofp/libc_nano.a(libc_a-memchr-stub.o)
                0x0800826e                memchr
 .text.memcpy   0x0800828a       0x1c /opt/st/stm32cubeide_1.16.0/plugins/com.st.stm32cube.ide.mcu.externaltools.gnu-tools-for-stm32.12.3.rel1.linux64_1.0.200.202406132123/tools/bin/../lib/gcc/arm-none-eabi/12.3.1/../../../../arm-none-eabi/lib/thumb/v7-m/nofp/libc_nano.a(libc_a-memcpy-stub.o)
                0x0800828a                memcpy
 .text.quorem   0x080082a6      0x110 /opt/st/stm32cubeide_1.16.0/plugins/com.st.stm32cube.ide.mcu.externaltools.gnu-tools-for-stm32.12.3.rel1.linux64_1.0.200.202406132123/tools/bin/../lib/gcc/arm-none-eabi/12.3.1/../../../../arm-none-eabi/lib/thumb/v7-m/nofp/libc_nano.a(libc_a-dtoa.o)
 *fill*         0x080083b6        0x2 
 .text._dtoa_r  0x080083b8      0xb90 /opt/st/stm32cubeide_1.16.0/plugins/com.st.stm32cube.ide.mcu.externaltools.gnu-tools-for-stm32.12.3.rel1.linux64_1.0.200.202406132123/tools/bin/../lib/gcc/arm-none-eabi/12.3.1/../../../../arm-none-eabi/lib/thumb/v7-m/nofp/libc_nano.a(libc_a-dtoa.o)
                0x080083b8                _dtoa_r
 .text._free_r  0x08008f48       0x90 /opt/st/stm32cubeide_1.16.0/plugins/com.st.stm32cube.ide.mcu.externaltools.gnu-tools-for-stm32.12.3.rel1.linux64_1.0.200.202406132123/tools/bin/../lib/gcc/arm-none-eabi/12.3.1/../../../../arm-none-eabi/lib/thumb/v7-m/nofp/libc_nano.a(libc_a-freer.o)
                0x08008f48                _free_r
 .text.malloc   0x08008fd8       0x10 /opt/st/stm32cubeide_1.16.0/plugins/com.st.stm32cube.ide.mcu.externaltools.gnu-tools-for-stm32.12.3.rel1.linux64_1.0.200.202406132123/tools/bin/../lib/gcc/arm-none-eabi/12.3.1/../../../../arm-none-eabi/lib/thumb/v7-m/nofp/libc_nano.a(libc_a-malloc.o)
                0x08008fd8                malloc
 .text.sbrk_aligned
                0x08008fe8       0x44 /opt/st/stm32cubeide_1.16.0/plugins/com.st.stm32cube.ide.mcu.externaltools.gnu-tools-for-stm32.12.3.rel1.linux64_1.0.200.202406132123/tools/bin/../lib/gcc/arm-none-eabi/12.3.1/../../../../arm-none-eabi/lib/thumb/v7-m/nofp/libc_nano.a(libc_a-mallocr.o)
 .text._malloc_r
                0x0800902c      0x100 /opt/st/stm32cubeide_1.16.0/plugins/com.st.stm32cube.ide.mcu.externaltools.gnu-tools-for-stm32.12.3.rel1.linux64_1.0.200.202406132123/tools/bin/../lib/gcc/arm-none-eabi/12.3.1/../../../../arm-none-eabi/lib/thumb/v7-m/nofp/libc_nano.a(libc_a-mallocr.o)
                0x0800902c                _malloc_r
 .text.__malloc_lock
                0x0800912c        0xc /opt/st/stm32cubeide_1.16.0/plugins/com.st.stm32cube.ide.mcu.externaltools.gnu-tools-for-stm32.12.3.rel1.linux64_1.0.200.202406132123/tools/bin/../lib/gcc/arm-none-eabi/12.3.1/../../../../arm-none-eabi/lib/thumb/v7-m/nofp/libc_nano.a(libc_a-mlock.o)
                0x0800912c                __malloc_lock
 .text.__malloc_unlock
                0x08009138        0xc /opt/st/stm32cubeide_1.16.0/plugins/com.st.stm32cube.ide.mcu.externaltools.gnu-tools-for-stm32.12.3.rel1.linux64_1.0.200.202406132123/tools/bin/../lib/gcc/arm-none-eabi/12.3.1/../../../../arm-none-eabi/lib/thumb/v7-m/nofp/libc_nano.a(libc_a-mlock.o)
                0x08009138                __malloc_unlock
 .text._Balloc  0x08009144       0x80 /opt/st/stm32cubeide_1.16.0/plugins/com.st.stm32cube.ide.mcu.externaltools.gnu-tools-for-stm32.12.3.rel1.linux64_1.0.200.202406132123/tools/bin/../lib/gcc/arm-none-eabi/12.3.1/../../../../arm-none-eabi/lib/thumb/v7-m/nofp/libc_nano.a(libc_a-mprec.o)
                0x08009144                _Balloc
 .text._Bfree   0x080091c4       0x44 /opt/st/stm32cubeide_1.16.0/plugins/com.st.stm32cube.ide.mcu.externaltools.gnu-tools-for-stm32.12.3.rel1.linux64_1.0.200.202406132123/tools/bin/../lib/gcc/arm-none-eabi/12.3.1/../../../../arm-none-eabi/lib/thumb/v7-m/nofp/libc_nano.a(libc_a-mprec.o)
                0x080091c4                _Bfree
 .text.__multadd
                0x08009208       0x8c /opt/st/stm32cubeide_1.16.0/plugins/com.st.stm32cube.ide.mcu.externaltools.gnu-tools-for-stm32.12.3.rel1.linux64_1.0.200.202406132123/tools/bin/../lib/gcc/arm-none-eabi/12.3.1/../../../../arm-none-eabi/lib/thumb/v7-m/nofp/libc_nano.a(libc_a-mprec.o)
                0x08009208                __multadd
 .text.__hi0bits
                0x08009294       0x3e /opt/st/stm32cubeide_1.16.0/plugins/com.st.stm32cube.ide.mcu.externaltools.gnu-tools-for-stm32.12.3.rel1.linux64_1.0.200.202406132123/tools/bin/../lib/gcc/arm-none-eabi/12.3.1/../../../../arm-none-eabi/lib/thumb/v7-m/nofp/libc_nano.a(libc_a-mprec.o)
                0x08009294                __hi0bits
 .text.__lo0bits
                0x080092d2       0x5a /opt/st/stm32cubeide_1.16.0/plugins/com.st.stm32cube.ide.mcu.externaltools.gnu-tools-for-stm32.12.3.rel1.linux64_1.0.200.202406132123/tools/bin/../lib/gcc/arm-none-eabi/12.3.1/../../../../arm-none-eabi/lib/thumb/v7-m/nofp/libc_nano.a(libc_a-mprec.o)
                0x080092d2                __lo0bits
 .text.__i2b    0x0800932c       0x2c /opt/st/stm32cubeide_1.16.0/plugins/com.st.stm32cube.ide.mcu.externaltools.gnu-tools-for-stm32.12.3.rel1.linux64_1.0.200.202406132123/tools/bin/../lib/gcc/arm-none-eabi/12.3.1/../../../../arm-none-eabi/lib/thumb/v7-m/nofp/libc_nano.a(libc_a-mprec.o)
                0x0800932c                __i2b
 .text.__multiply
                0x08009358      0x150 /opt/st/stm32cubeide_1.16.0/plugins/com.st.stm32cube.ide.mcu.externaltools.gnu-tools-for-stm32.12.3.rel1.linux64_1.0.200.202406132123/tools/bin/../lib/gcc/arm-none-eabi/12.3.1/../../../../arm-none-eabi/lib/thumb/v7-m/nofp/libc_nano.a(libc_a-mprec.o)
                0x08009358                __multiply
 .text.__pow5mult
                0x080094a8       0xb4 /opt/st/stm32cubeide_1.16.0/plugins/com.st.stm32cube.ide.mcu.externaltools.gnu-tools-for-stm32.12.3.rel1.linux64_1.0.200.202406132123/tools/bin/../lib/gcc/arm-none-eabi/12.3.1/../../../../arm-none-eabi/lib/thumb/v7-m/nofp/libc_nano.a(libc_a-mprec.o)
                0x080094a8                __pow5mult
 .text.__lshift
                0x0800955c       0xd8 /opt/st/stm32cubeide_1.16.0/plugins/com.st.stm32cube.ide.mcu.externaltools.gnu-tools-for-stm32.12.3.rel1.linux64_1.0.200.202406132123/tools/bin/../lib/gcc/arm-none-eabi/12.3.1/../../../../arm-none-eabi/lib/thumb/v7-m/nofp/libc_nano.a(libc_a-mprec.o)
                0x0800955c                __lshift
 .text.__mcmp   0x08009634       0x36 /opt/st/stm32cubeide_1.16.0/plugins/com.st.stm32cube.ide.mcu.externaltools.gnu-tools-for-stm32.12.3.rel1.linux64_1.0.200.202406132123/tools/bin/../lib/gcc/arm-none-eabi/12.3.1/../../../../arm-none-eabi/lib/thumb/v7-m/nofp/libc_nano.a(libc_a-mprec.o)
                0x08009634                __mcmp
 *fill*         0x0800966a        0x2 
 .text.__mdiff  0x0800966c      0x128 /opt/st/stm32cubeide_1.16.0/plugins/com.st.stm32cube.ide.mcu.externaltools.gnu-tools-for-stm32.12.3.rel1.linux64_1.0.200.202406132123/tools/bin/../lib/gcc/arm-none-eabi/12.3.1/../../../../arm-none-eabi/lib/thumb/v7-m/nofp/libc_nano.a(libc_a-mprec.o)
                0x0800966c                __mdiff
 .text.__d2b    0x08009794       0xb0 /opt/st/stm32cubeide_1.16.0/plugins/com.st.stm32cube.ide.mcu.externaltools.gnu-tools-for-stm32.12.3.rel1.linux64_1.0.200.202406132123/tools/bin/../lib/gcc/arm-none-eabi/12.3.1/../../../../arm-none-eabi/lib/thumb/v7-m/nofp/libc_nano.a(libc_a-mprec.o)
                0x08009794                __d2b
 .text._malloc_usable_size_r
                0x08009844       0x10 /opt/st/stm32cubeide_1.16.0/plugins/com.st.stm32cube.ide.mcu.externaltools.gnu-tools-for-stm32.12.3.rel1.linux64_1.0.200.202406132123/tools/bin/../lib/gcc/arm-none-eabi/12.3.1/../../../../arm-none-eabi/lib/thumb/v7-m/nofp/libc_nano.a(libc_a-msizer.o)
                0x08009844                _malloc_usable_size_r
 .text.__sflush_r
                0x08009854      0x100 /opt/st/stm32cubeide_1.16.0/plugins/com.st.stm32cube.ide.mcu.externaltools.gnu-tools-for-stm32.12.3.rel1.linux64_1.0.200.202406132123/tools/bin/../lib/gcc/arm-none-eabi/12.3.1/../../../../arm-none-eabi/lib/thumb/v7-m/nofp/libc_nano.a(libc_a-fflush.o)
                0x08009854                __sflush_r
 .text._fflush_r
                0x08009954       0x50 /opt/st/stm32cubeide_1.16.0/plugins/com.st.stm32cube.ide.mcu.externaltools.gnu-tools-for-stm32.12.3.rel1.linux64_1.0.200.202406132123/tools/bin/../lib/gcc/arm-none-eabi/12.3.1/../../../../arm-none-eabi/lib/thumb/v7-m/nofp/libc_nano.a(libc_a-fflush.o)
                0x08009954                _fflush_r
 .text._sbrk_r  0x080099a4       0x20 /opt/st/stm32cubeide_1.16.0/plugins/com.st.stm32cube.ide.mcu.externaltools.gnu-tools-for-stm32.12.3.rel1.linux64_1.0.200.202406132123/tools/bin/../lib/gcc/arm-none-eabi/12.3.1/../../../../arm-none-eabi/lib/thumb/v7-m/nofp/libc_nano.a(libc_a-sbrkr.o)
                0x080099a4                _sbrk_r
 .text.__assert_func
                0x080099c4       0x3c /opt/st/stm32cubeide_1.16.0/plugins/com.st.stm32cube.ide.mcu.externaltools.gnu-tools-for-stm32.12.3.rel1.linux64_1.0.200.202406132123/tools/bin/../lib/gcc/arm-none-eabi/12.3.1/../../../../arm-none-eabi/lib/thumb/v7-m/nofp/libc_nano.a(libc_a-assert.o)
                0x080099c4                __assert_func
 .text._calloc_r
                0x08009a00       0x28 /opt/st/stm32cubeide_1.16.0/plugins/com.st.stm32cube.ide.mcu.externaltools.gnu-tools-for-stm32.12.3.rel1.linux64_1.0.200.202406132123/tools/bin/../lib/gcc/arm-none-eabi/12.3.1/../../../../arm-none-eabi/lib/thumb/v7-m/nofp/libc_nano.a(libc_a-callocr.o)
                0x08009a00                _calloc_r
 .text.__ascii_mbtowc
                0x08009a28       0x24 /opt/st/stm32cubeide_1.16.0/plugins/com.st.stm32cube.ide.mcu.externaltools.gnu-tools-for-stm32.12.3.rel1.linux64_1.0.200.202406132123/tools/bin/../lib/gcc/arm-none-eabi/12.3.1/../../../../arm-none-eabi/lib/thumb/v7-m/nofp/libc_nano.a(libc_a-mbtowc_r.o)
                0x08009a28                __ascii_mbtowc
 .text.__ascii_wctomb
                0x08009a4c       0x1a /opt/st/stm32cubeide_1.16.0/plugins/com.st.stm32cube.ide.mcu.externaltools.gnu-tools-for-stm32.12.3.rel1.linux64_1.0.200.202406132123/tools/bin/../lib/gcc/arm-none-eabi/12.3.1/../../../../arm-none-eabi/lib/thumb/v7-m/nofp/libc_nano.a(libc_a-wctomb_r.o)
                0x08009a4c                __ascii_wctomb
 *fill*         0x08009a66        0x2 
 .text.fprintf  0x08009a68       0x24 /opt/st/stm32cubeide_1.16.0/plugins/com.st.stm32cube.ide.mcu.externaltools.gnu-tools-for-stm32.12.3.rel1.linux64_1.0.200.202406132123/tools/bin/../lib/gcc/arm-none-eabi/12.3.1/../../../../arm-none-eabi/lib/thumb/v7-m/nofp/libc_nano.a(libc_a-fprintf.o)
                0x08009a68                fprintf
                0x08009a68                fiprintf
 .text.abort    0x08009a8c        0xe /opt/st/stm32cubeide_1.16.0/plugins/com.st.stm32cube.ide.mcu.externaltools.gnu-tools-for-stm32.12.3.rel1.linux64_1.0.200.202406132123/tools/bin/../lib/gcc/arm-none-eabi/12.3.1/../../../../arm-none-eabi/lib/thumb/v7-m/nofp/libc_nano.a(libc_a-abort.o)
                0x08009a8c                abort
 .text.__sfputc_r
                0x08009a9a       0x2a /opt/st/stm32cubeide_1.16.0/plugins/com.st.stm32cube.ide.mcu.externaltools.gnu-tools-for-stm32.12.3.rel1.linux64_1.0.200.202406132123/tools/bin/../lib/gcc/arm-none-eabi/12.3.1/../../../../arm-none-eabi/lib/thumb/v7-m/nofp/libc_nano.a(libc_a-nano-vfprintf.o)
 .text.__sfputs_r
                0x08009ac4       0x24 /opt/st/stm32cubeide_1.16.0/plugins/com.st.stm32cube.ide.mcu.externaltools.gnu-tools-for-stm32.12.3.rel1.linux64_1.0.200.202406132123/tools/bin/../lib/gcc/arm-none-eabi/12.3.1/../../../../arm-none-eabi/lib/thumb/v7-m/nofp/libc_nano.a(libc_a-nano-vfprintf.o)
                0x08009ac4                __sfputs_r
 .text._vfprintf_r
                0x08009ae8      0x230 /opt/st/stm32cubeide_1.16.0/plugins/com.st.stm32cube.ide.mcu.externaltools.gnu-tools-for-stm32.12.3.rel1.linux64_1.0.200.202406132123/tools/bin/../lib/gcc/arm-none-eabi/12.3.1/../../../../arm-none-eabi/lib/thumb/v7-m/nofp/libc_nano.a(libc_a-nano-vfprintf.o)
                0x08009ae8                _vfiprintf_r
                0x08009ae8                _vfprintf_r
 .text.__swbuf_r
                0x08009d18       0x7c /opt/st/stm32cubeide_1.16.0/plugins/com.st.stm32cube.ide.mcu.externaltools.gnu-tools-for-stm32.12.3.rel1.linux64_1.0.200.202406132123/tools/bin/../lib/gcc/arm-none-eabi/12.3.1/../../../../arm-none-eabi/lib/thumb/v7-m/nofp/libc_nano.a(libc_a-wbuf.o)
                0x08009d18                __swbuf_r
 .text.__swsetup_r
                0x08009d94       0xac /opt/st/stm32cubeide_1.16.0/plugins/com.st.stm32cube.ide.mcu.externaltools.gnu-tools-for-stm32.12.3.rel1.linux64_1.0.200.202406132123/tools/bin/../lib/gcc/arm-none-eabi/12.3.1/../../../../arm-none-eabi/lib/thumb/v7-m/nofp/libc_nano.a(libc_a-wsetup.o)
                0x08009d94                __swsetup_r
 .text._raise_r
                0x08009e40       0x50 /opt/st/stm32cubeide_1.16.0/plugins/com.st.stm32cube.ide.mcu.externaltools.gnu-tools-for-stm32.12.3.rel1.linux64_1.0.200.202406132123/tools/bin/../lib/gcc/arm-none-eabi/12.3.1/../../../../arm-none-eabi/lib/thumb/v7-m/nofp/libc_nano.a(libc_a-signal.o)
                0x08009e40                _raise_r
 .text.raise    0x08009e90       0x10 /opt/st/stm32cubeide_1.16.0/plugins/com.st.stm32cube.ide.mcu.externaltools.gnu-tools-for-stm32.12.3.rel1.linux64_1.0.200.202406132123/tools/bin/../lib/gcc/arm-none-eabi/12.3.1/../../../../arm-none-eabi/lib/thumb/v7-m/nofp/libc_nano.a(libc_a-signal.o)
                0x08009e90                raise
 .text._kill_r  0x08009ea0       0x24 /opt/st/stm32cubeide_1.16.0/plugins/com.st.stm32cube.ide.mcu.externaltools.gnu-tools-for-stm32.12.3.rel1.linux64_1.0.200.202406132123/tools/bin/../lib/gcc/arm-none-eabi/12.3.1/../../../../arm-none-eabi/lib/thumb/v7-m/nofp/libc_nano.a(libc_a-signalr.o)
                0x08009ea0                _kill_r
 .text._getpid_r
                0x08009ec4        0x4 /opt/st/stm32cubeide_1.16.0/plugins/com.st.stm32cube.ide.mcu.externaltools.gnu-tools-for-stm32.12.3.rel1.linux64_1.0.200.202406132123/tools/bin/../lib/gcc/arm-none-eabi/12.3.1/../../../../arm-none-eabi/lib/thumb/v7-m/nofp/libc_nano.a(libc_a-signalr.o)
                0x08009ec4                _getpid_r
 .text.__swhatbuf_r
                0x08009ec8       0x4a /opt/st/stm32cubeide_1.16.0/plugins/com.st.stm32cube.ide.mcu.externaltools.gnu-tools-for-stm32.12.3.rel1.linux64_1.0.200.202406132123/tools/bin/../lib/gcc/arm-none-eabi/12.3.1/../../../../arm-none-eabi/lib/thumb/v7-m/nofp/libc_nano.a(libc_a-makebuf.o)
                0x08009ec8                __swhatbuf_r
 .text.__smakebuf_r
                0x08009f12       0x78 /opt/st/stm32cubeide_1.16.0/plugins/com.st.stm32cube.ide.mcu.externaltools.gnu-tools-for-stm32.12.3.rel1.linux64_1.0.200.202406132123/tools/bin/../lib/gcc/arm-none-eabi/12.3.1/../../../../arm-none-eabi/lib/thumb/v7-m/nofp/libc_nano.a(libc_a-makebuf.o)
                0x08009f12                __smakebuf_r
 *fill*         0x08009f8a        0x2 
 .text._fstat_r
                0x08009f8c       0x24 /opt/st/stm32cubeide_1.16.0/plugins/com.st.stm32cube.ide.mcu.externaltools.gnu-tools-for-stm32.12.3.rel1.linux64_1.0.200.202406132123/tools/bin/../lib/gcc/arm-none-eabi/12.3.1/../../../../arm-none-eabi/lib/thumb/v7-m/nofp/libc_nano.a(libc_a-fstatr.o)
                0x08009f8c                _fstat_r
 .text._isatty_r
                0x08009fb0       0x20 /opt/st/stm32cubeide_1.16.0/plugins/com.st.stm32cube.ide.mcu.externaltools.gnu-tools-for-stm32.12.3.rel1.linux64_1.0.200.202406132123/tools/bin/../lib/gcc/arm-none-eabi/12.3.1/../../../../arm-none-eabi/lib/thumb/v7-m/nofp/libc_nano.a(libc_a-isattyr.o)
                0x08009fb0                _isatty_r
 *(.glue_7)
 .glue_7        0x08009fd0        0x0 linker stubs
 *(.glue_7t)
 .glue_7t       0x08009fd0        0x0 linker stubs
 *(.eh_frame)
 .eh_frame      0x08009fd0        0x0 /opt/st/stm32cubeide_1.16.0/plugins/com.st.stm32cube.ide.mcu.externaltools.gnu-tools-for-stm32.12.3.rel1.linux64_1.0.200.202406132123/tools/bin/../lib/gcc/arm-none-eabi/12.3.1/thumb/v7-m/nofp/crtbegin.o
 *(.init)
 .init          0x08009fd0        0x4 /opt/st/stm32cubeide_1.16.0/plugins/com.st.stm32cube.ide.mcu.externaltools.gnu-tools-for-stm32.12.3.rel1.linux64_1.0.200.202406132123/tools/bin/../lib/gcc/arm-none-eabi/12.3.1/thumb/v7-m/nofp/crti.o
                0x08009fd0                _init
 .init          0x08009fd4        0x8 /opt/st/stm32cubeide_1.16.0/plugins/com.st.stm32cube.ide.mcu.externaltools.gnu-tools-for-stm32.12.3.rel1.linux64_1.0.200.202406132123/tools/bin/../lib/gcc/arm-none-eabi/12.3.1/thumb/v7-m/nofp/crtn.o
 *(.fini)
 .fini          0x08009fdc        0x4 /opt/st/stm32cubeide_1.16.0/plugins/com.st.stm32cube.ide.mcu.externaltools.gnu-tools-for-stm32.12.3.rel1.linux64_1.0.200.202406132123/tools/bin/../lib/gcc/arm-none-eabi/12.3.1/thumb/v7-m/nofp/crti.o
                0x08009fdc                _fini
 .fini          0x08009fe0        0x8 /opt/st/stm32cubeide_1.16.0/plugins/com.st.stm32cube.ide.mcu.externaltools.gnu-tools-for-stm32.12.3.rel1.linux64_1.0.200.202406132123/tools/bin/../lib/gcc/arm-none-eabi/12.3.1/thumb/v7-m/nofp/crtn.o
                0x08009fe8                        . = ALIGN (0x4)
                0x08009fe8                        _etext = .

.vfp11_veneer   0x08009fe8        0x0
 .vfp11_veneer  0x08009fe8        0x0 linker stubs

.v4_bx          0x08009fe8        0x0
 .v4_bx         0x08009fe8        0x0 linker stubs

.iplt           0x08009fe8        0x0
 .iplt          0x08009fe8        0x0 /opt/st/stm32cubeide_1.16.0/plugins/com.st.stm32cube.ide.mcu.externaltools.gnu-tools-for-stm32.12.3.rel1.linux64_1.0.200.202406132123/tools/bin/../lib/gcc/arm-none-eabi/12.3.1/thumb/v7-m/nofp/crtbegin.o

.rodata         0x08009fe8      0x600
                0x08009fe8                        . = ALIGN (0x4)
 *(.rodata)
 .rodata        0x08009fe8      0x164 ./Core/Src/mainpp.o
 *(.rodata*)
 .rodata._ZN14rosserial_msgsL12REQUESTPARAME
                0x0800a14c       0x1c ./Core/Src/mainpp.o
 .rodata._ZTVN3ros10SubscriberIN8std_msgs6UInt32EvEE
                0x0800a168       0x18 ./Core/Src/mainpp.o
                0x0800a168                vtable for ros::Subscriber<std_msgs::UInt32, void>
 .rodata._ZTVN3ros11NodeHandle_I13STM32HardwareLi25ELi25ELi512ELi512EEE
                0x0800a180       0x14 ./Core/Src/mainpp.o
                0x0800a180                vtable for ros::NodeHandle_<STM32Hardware, 25, 25, 512, 512>
 .rodata._ZTVN8std_msgs6UInt32E
                0x0800a194       0x18 ./Core/Src/mainpp.o
                0x0800a194                vtable for std_msgs::UInt32
 .rodata._ZTVN3ros11Subscriber_E
                0x0800a1ac       0x18 ./Core/Src/mainpp.o
                0x0800a1ac                vtable for ros::Subscriber_
 .rodata._ZTVN3ros15NodeHandleBase_E
                0x0800a1c4       0x14 ./Core/Src/mainpp.o
                0x0800a1c4                vtable for ros::NodeHandleBase_
 .rodata._ZTVN14rosserial_msgs20RequestParamResponseE
                0x0800a1d8       0x18 ./Core/Src/mainpp.o
                0x0800a1d8                vtable for rosserial_msgs::RequestParamResponse
 .rodata._ZTVN14rosserial_msgs3LogE
                0x0800a1f0       0x18 ./Core/Src/mainpp.o
                0x0800a1f0                vtable for rosserial_msgs::Log
 .rodata._ZTVN14rosserial_msgs9TopicInfoE
                0x0800a208       0x18 ./Core/Src/mainpp.o
                0x0800a208                vtable for rosserial_msgs::TopicInfo
 .rodata._ZTVN8std_msgs4TimeE
                0x0800a220       0x18 ./Core/Src/mainpp.o
                0x0800a220                vtable for std_msgs::Time
 .rodata._ZTVN3ros3MsgE
                0x0800a238       0x18 ./Core/Src/mainpp.o
                0x0800a238                vtable for ros::Msg
 .rodata.AHBPrescTable
                0x0800a250       0x10 ./Core/Src/system_stm32f1xx.o
                0x0800a250                AHBPrescTable
 .rodata.APBPrescTable
                0x0800a260        0x8 ./Core/Src/system_stm32f1xx.o
                0x0800a260                APBPrescTable
 .rodata.aPLLMULFactorTable.1
                0x0800a268       0x10 ./Drivers/STM32F1xx_HAL_Driver/Src/stm32f1xx_hal_rcc.o
 .rodata.aPredivFactorTable.0
                0x0800a278        0x2 ./Drivers/STM32F1xx_HAL_Driver/Src/stm32f1xx_hal_rcc.o
 .rodata._printf_float.str1.1
                0x0800a27a       0x12 /opt/st/stm32cubeide_1.16.0/plugins/com.st.stm32cube.ide.mcu.externaltools.gnu-tools-for-stm32.12.3.rel1.linux64_1.0.200.202406132123/tools/bin/../lib/gcc/arm-none-eabi/12.3.1/../../../../arm-none-eabi/lib/thumb/v7-m/nofp/libc_nano.a(libc_a-nano-vfprintf_float.o)
 .rodata._printf_i.str1.1
                0x0800a28c       0x22 /opt/st/stm32cubeide_1.16.0/plugins/com.st.stm32cube.ide.mcu.externaltools.gnu-tools-for-stm32.12.3.rel1.linux64_1.0.200.202406132123/tools/bin/../lib/gcc/arm-none-eabi/12.3.1/../../../../arm-none-eabi/lib/thumb/v7-m/nofp/libc_nano.a(libc_a-nano-vfprintf_i.o)
 .rodata._dtoa_r.str1.1
                0x0800a2ae       0x8d /opt/st/stm32cubeide_1.16.0/plugins/com.st.stm32cube.ide.mcu.externaltools.gnu-tools-for-stm32.12.3.rel1.linux64_1.0.200.202406132123/tools/bin/../lib/gcc/arm-none-eabi/12.3.1/../../../../arm-none-eabi/lib/thumb/v7-m/nofp/libc_nano.a(libc_a-dtoa.o)
                                 0x8f (size before relaxing)
 .rodata._Balloc.str1.1
                0x0800a33b       0x59 /opt/st/stm32cubeide_1.16.0/plugins/com.st.stm32cube.ide.mcu.externaltools.gnu-tools-for-stm32.12.3.rel1.linux64_1.0.200.202406132123/tools/bin/../lib/gcc/arm-none-eabi/12.3.1/../../../../arm-none-eabi/lib/thumb/v7-m/nofp/libc_nano.a(libc_a-mprec.o)
                                 0x70 (size before relaxing)
 .rodata.__multadd.str1.1
                0x0800a394       0x11 /opt/st/stm32cubeide_1.16.0/plugins/com.st.stm32cube.ide.mcu.externaltools.gnu-tools-for-stm32.12.3.rel1.linux64_1.0.200.202406132123/tools/bin/../lib/gcc/arm-none-eabi/12.3.1/../../../../arm-none-eabi/lib/thumb/v7-m/nofp/libc_nano.a(libc_a-mprec.o)
 .rodata.p05.0  0x0800a394        0xc /opt/st/stm32cubeide_1.16.0/plugins/com.st.stm32cube.ide.mcu.externaltools.gnu-tools-for-stm32.12.3.rel1.linux64_1.0.200.202406132123/tools/bin/../lib/gcc/arm-none-eabi/12.3.1/../../../../arm-none-eabi/lib/thumb/v7-m/nofp/libc_nano.a(libc_a-mprec.o)
 .rodata.__mprec_bigtens
                0x0800a3a0       0x28 /opt/st/stm32cubeide_1.16.0/plugins/com.st.stm32cube.ide.mcu.externaltools.gnu-tools-for-stm32.12.3.rel1.linux64_1.0.200.202406132123/tools/bin/../lib/gcc/arm-none-eabi/12.3.1/../../../../arm-none-eabi/lib/thumb/v7-m/nofp/libc_nano.a(libc_a-mprec.o)
                0x0800a3a0                __mprec_bigtens
 .rodata.__mprec_tens
                0x0800a3c8       0xc8 /opt/st/stm32cubeide_1.16.0/plugins/com.st.stm32cube.ide.mcu.externaltools.gnu-tools-for-stm32.12.3.rel1.linux64_1.0.200.202406132123/tools/bin/../lib/gcc/arm-none-eabi/12.3.1/../../../../arm-none-eabi/lib/thumb/v7-m/nofp/libc_nano.a(libc_a-mprec.o)
                0x0800a3c8                __mprec_tens
 .rodata._setlocale_r.str1.1
                0x0800a490        0x8 /opt/st/stm32cubeide_1.16.0/plugins/com.st.stm32cube.ide.mcu.externaltools.gnu-tools-for-stm32.12.3.rel1.linux64_1.0.200.202406132123/tools/bin/../lib/gcc/arm-none-eabi/12.3.1/../../../../arm-none-eabi/lib/thumb/v7-m/nofp/libc_nano.a(libc_a-locale.o)
                                  0x9 (size before relaxing)
 .rodata.str1.1
                0x0800a498        0x2 /opt/st/stm32cubeide_1.16.0/plugins/com.st.stm32cube.ide.mcu.externaltools.gnu-tools-for-stm32.12.3.rel1.linux64_1.0.200.202406132123/tools/bin/../lib/gcc/arm-none-eabi/12.3.1/../../../../arm-none-eabi/lib/thumb/v7-m/nofp/libc_nano.a(libc_a-locale.o)
 .rodata.__assert_func.str1.1
                0x0800a49a       0x3c /opt/st/stm32cubeide_1.16.0/plugins/com.st.stm32cube.ide.mcu.externaltools.gnu-tools-for-stm32.12.3.rel1.linux64_1.0.200.202406132123/tools/bin/../lib/gcc/arm-none-eabi/12.3.1/../../../../arm-none-eabi/lib/thumb/v7-m/nofp/libc_nano.a(libc_a-assert.o)
                                 0x3d (size before relaxing)
 .rodata._ctype_
                0x0800a4d6      0x101 /opt/st/stm32cubeide_1.16.0/plugins/com.st.stm32cube.ide.mcu.externaltools.gnu-tools-for-stm32.12.3.rel1.linux64_1.0.200.202406132123/tools/bin/../lib/gcc/arm-none-eabi/12.3.1/../../../../arm-none-eabi/lib/thumb/v7-m/nofp/libc_nano.a(libc_a-ctype_.o)
                0x0800a4d6                _ctype_
 .rodata._vfprintf_r.str1.1
                0x0800a5d7       0x11 /opt/st/stm32cubeide_1.16.0/plugins/com.st.stm32cube.ide.mcu.externaltools.gnu-tools-for-stm32.12.3.rel1.linux64_1.0.200.202406132123/tools/bin/../lib/gcc/arm-none-eabi/12.3.1/../../../../arm-none-eabi/lib/thumb/v7-m/nofp/libc_nano.a(libc_a-nano-vfprintf.o)
                0x0800a5e8                        . = ALIGN (0x4)

.ARM.extab      0x0800a5e8        0x0
                0x0800a5e8                        . = ALIGN (0x4)
 *(.ARM.extab* .gnu.linkonce.armextab.*)
                0x0800a5e8                        . = ALIGN (0x4)

.ARM            0x0800a5e8        0x8
                0x0800a5e8                        . = ALIGN (0x4)
                0x0800a5e8                        __exidx_start = .
 *(.ARM.exidx*)
 .ARM.exidx     0x0800a5e8        0x8 /opt/st/stm32cubeide_1.16.0/plugins/com.st.stm32cube.ide.mcu.externaltools.gnu-tools-for-stm32.12.3.rel1.linux64_1.0.200.202406132123/tools/bin/../lib/gcc/arm-none-eabi/12.3.1/../../../../arm-none-eabi/lib/thumb/v7-m/nofp/libc_nano.a(libc_a-strlen.o)
                0x0800a5f0                        __exidx_end = .
                0x0800a5f0                        . = ALIGN (0x4)

.rel.dyn        0x0800a5f0        0x0
 .rel.iplt      0x0800a5f0        0x0 /opt/st/stm32cubeide_1.16.0/plugins/com.st.stm32cube.ide.mcu.externaltools.gnu-tools-for-stm32.12.3.rel1.linux64_1.0.200.202406132123/tools/bin/../lib/gcc/arm-none-eabi/12.3.1/thumb/v7-m/nofp/crtbegin.o

.preinit_array  0x0800a5f0        0x0
                0x0800a5f0                        . = ALIGN (0x4)
                0x0800a5f0                        PROVIDE (__preinit_array_start = .)
 *(.preinit_array*)
                0x0800a5f0                        PROVIDE (__preinit_array_end = .)
                0x0800a5f0                        . = ALIGN (0x4)

.init_array     0x0800a5f0        0x8
                0x0800a5f0                        . = ALIGN (0x4)
                0x0800a5f0                        PROVIDE (__init_array_start = .)
 *(SORT_BY_NAME(.init_array.*))
 *(.init_array*)
 .init_array    0x0800a5f0        0x4 /opt/st/stm32cubeide_1.16.0/plugins/com.st.stm32cube.ide.mcu.externaltools.gnu-tools-for-stm32.12.3.rel1.linux64_1.0.200.202406132123/tools/bin/../lib/gcc/arm-none-eabi/12.3.1/thumb/v7-m/nofp/crtbegin.o
 .init_array    0x0800a5f4        0x4 ./Core/Src/mainpp.o
                0x0800a5f8                        PROVIDE (__init_array_end = .)
                0x0800a5f8                        . = ALIGN (0x4)

.fini_array     0x0800a5f8        0x4
                0x0800a5f8                        . = ALIGN (0x4)
                [!provide]                        PROVIDE (__fini_array_start = .)
 *(SORT_BY_NAME(.fini_array.*))
 *(.fini_array*)
 .fini_array    0x0800a5f8        0x4 /opt/st/stm32cubeide_1.16.0/plugins/com.st.stm32cube.ide.mcu.externaltools.gnu-tools-for-stm32.12.3.rel1.linux64_1.0.200.202406132123/tools/bin/../lib/gcc/arm-none-eabi/12.3.1/thumb/v7-m/nofp/crtbegin.o
                [!provide]                        PROVIDE (__fini_array_end = .)
                0x0800a5fc                        . = ALIGN (0x4)
                0x0800a5fc                        _sidata = LOADADDR (.data)

.data           0x20000000      0x288 load address 0x0800a5fc
                0x20000000                        . = ALIGN (0x4)
                0x20000000                        _sdata = .
 *(.data)
 *(.data*)
 .data.time_frame
                0x20000000        0x2 ./Core/Src/PID_motor.o
                0x20000000                time_frame
 *fill*         0x20000002        0x2 
 .data.motor_left
                0x20000004       0x58 ./Core/Src/PID_motor_cfg.o
                0x20000004                motor_left
 .data.motor_right
                0x2000005c       0x58 ./Core/Src/PID_motor_cfg.o
                0x2000005c                motor_right
 .data.SystemCoreClock
                0x200000b4        0x4 ./Core/Src/system_stm32f1xx.o
                0x200000b4                SystemCoreClock
 .data.uwTickPrio
                0x200000b8        0x4 ./Drivers/STM32F1xx_HAL_Driver/Src/stm32f1xx_hal.o
                0x200000b8                uwTickPrio
 .data.uwTickFreq
                0x200000bc        0x1 ./Drivers/STM32F1xx_HAL_Driver/Src/stm32f1xx_hal.o
                0x200000bc                uwTickFreq
 *fill*         0x200000bd        0x3 
 .data.__sglue  0x200000c0        0xc /opt/st/stm32cubeide_1.16.0/plugins/com.st.stm32cube.ide.mcu.externaltools.gnu-tools-for-stm32.12.3.rel1.linux64_1.0.200.202406132123/tools/bin/../lib/gcc/arm-none-eabi/12.3.1/../../../../arm-none-eabi/lib/thumb/v7-m/nofp/libc_nano.a(libc_a-findfp.o)
                0x200000c0                __sglue
 .data._impure_ptr
                0x200000cc        0x4 /opt/st/stm32cubeide_1.16.0/plugins/com.st.stm32cube.ide.mcu.externaltools.gnu-tools-for-stm32.12.3.rel1.linux64_1.0.200.202406132123/tools/bin/../lib/gcc/arm-none-eabi/12.3.1/../../../../arm-none-eabi/lib/thumb/v7-m/nofp/libc_nano.a(libc_a-impure.o)
                0x200000cc                _impure_ptr
 .data._impure_data
                0x200000d0       0x4c /opt/st/stm32cubeide_1.16.0/plugins/com.st.stm32cube.ide.mcu.externaltools.gnu-tools-for-stm32.12.3.rel1.linux64_1.0.200.202406132123/tools/bin/../lib/gcc/arm-none-eabi/12.3.1/../../../../arm-none-eabi/lib/thumb/v7-m/nofp/libc_nano.a(libc_a-impure.o)
                0x200000d0                _impure_data
 .data.__global_locale
                0x2000011c      0x16c /opt/st/stm32cubeide_1.16.0/plugins/com.st.stm32cube.ide.mcu.externaltools.gnu-tools-for-stm32.12.3.rel1.linux64_1.0.200.202406132123/tools/bin/../lib/gcc/arm-none-eabi/12.3.1/../../../../arm-none-eabi/lib/thumb/v7-m/nofp/libc_nano.a(libc_a-locale.o)
                0x2000011c                __global_locale
 *(.RamFunc)
 *(.RamFunc*)
                0x20000288                        . = ALIGN (0x4)
                0x20000288                        _edata = .

.igot.plt       0x20000288        0x0 load address 0x0800a884
 .igot.plt      0x20000288        0x0 /opt/st/stm32cubeide_1.16.0/plugins/com.st.stm32cube.ide.mcu.externaltools.gnu-tools-for-stm32.12.3.rel1.linux64_1.0.200.202406132123/tools/bin/../lib/gcc/arm-none-eabi/12.3.1/thumb/v7-m/nofp/crtbegin.o
                0x20000288                        . = ALIGN (0x4)

.bss            0x20000288      0xce8 load address 0x0800a884
                0x20000288                        _sbss = .
                0x20000288                        __bss_start__ = _sbss
 *(.bss)
 .bss           0x20000288       0x1c /opt/st/stm32cubeide_1.16.0/plugins/com.st.stm32cube.ide.mcu.externaltools.gnu-tools-for-stm32.12.3.rel1.linux64_1.0.200.202406132123/tools/bin/../lib/gcc/arm-none-eabi/12.3.1/thumb/v7-m/nofp/crtbegin.o
 *(.bss*)
 .bss.htim1     0x200002a4       0x48 ./Core/Src/main.o
                0x200002a4                htim1
 .bss.htim2     0x200002ec       0x48 ./Core/Src/main.o
                0x200002ec                htim2
 .bss.htim3     0x20000334       0x48 ./Core/Src/main.o
                0x20000334                htim3
 .bss.htim4     0x2000037c       0x48 ./Core/Src/main.o
                0x2000037c                htim4
 .bss.huart1    0x200003c4       0x48 ./Core/Src/main.o
                0x200003c4                huart1
 .bss.hdma_usart1_rx
                0x2000040c       0x44 ./Core/Src/main.o
                0x2000040c                hdma_usart1_rx
 .bss.hdma_usart1_tx
                0x20000450       0x44 ./Core/Src/main.o
                0x20000450                hdma_usart1_tx
 .bss._ZZN13STM32Hardware5flushEvE5mutex
                0x20000494        0x1 ./Core/Src/mainpp.o
                0x20000494                STM32Hardware::flush()::mutex
 *fill*         0x20000495        0x3 
 .bss.nh        0x20000498      0x93c ./Core/Src/mainpp.o
                0x20000498                nh
 .bss.robot_wheels_pos
                0x20000dd4        0x8 ./Core/Src/mainpp.o
                0x20000dd4                robot_wheels_pos
 .bss.send_buffer
                0x20000ddc        0x4 ./Core/Src/mainpp.o
                0x20000ddc                send_buffer
 .bss.rcv_buffer
                0x20000de0        0x4 ./Core/Src/mainpp.o
                0x20000de0                rcv_buffer
 .bss.tick      0x20000de4        0x1 ./Core/Src/mainpp.o
                0x20000de4                tick
 *fill*         0x20000de5        0x1 
 .bss._ZL14left_enc_ticks
                0x20000de6        0x2 ./Core/Src/mainpp.o
 .bss._ZL15right_enc_ticks
                0x20000de8        0x2 ./Core/Src/mainpp.o
 *fill*         0x20000dea        0x2 
 .bss.robot_vel_sub
                0x20000dec       0x1c ./Core/Src/mainpp.o
                0x20000dec                robot_vel_sub
 .bss.robot_pos_pub
                0x20000e08       0x14 ./Core/Src/mainpp.o
                0x20000e08                robot_pos_pub
 .bss.__sbrk_heap_end
                0x20000e1c        0x4 ./Core/Src/sysmem.o
 .bss.uwTick    0x20000e20        0x4 ./Drivers/STM32F1xx_HAL_Driver/Src/stm32f1xx_hal.o
                0x20000e20                uwTick
 .bss.__sf      0x20000e24      0x138 /opt/st/stm32cubeide_1.16.0/plugins/com.st.stm32cube.ide.mcu.externaltools.gnu-tools-for-stm32.12.3.rel1.linux64_1.0.200.202406132123/tools/bin/../lib/gcc/arm-none-eabi/12.3.1/../../../../arm-none-eabi/lib/thumb/v7-m/nofp/libc_nano.a(libc_a-findfp.o)
                0x20000e24                __sf
 .bss.__stdio_exit_handler
                0x20000f5c        0x4 /opt/st/stm32cubeide_1.16.0/plugins/com.st.stm32cube.ide.mcu.externaltools.gnu-tools-for-stm32.12.3.rel1.linux64_1.0.200.202406132123/tools/bin/../lib/gcc/arm-none-eabi/12.3.1/../../../../arm-none-eabi/lib/thumb/v7-m/nofp/libc_nano.a(libc_a-findfp.o)
                0x20000f5c                __stdio_exit_handler
 .bss.errno     0x20000f60        0x4 /opt/st/stm32cubeide_1.16.0/plugins/com.st.stm32cube.ide.mcu.externaltools.gnu-tools-for-stm32.12.3.rel1.linux64_1.0.200.202406132123/tools/bin/../lib/gcc/arm-none-eabi/12.3.1/../../../../arm-none-eabi/lib/thumb/v7-m/nofp/libc_nano.a(libc_a-reent.o)
                0x20000f60                errno
 .bss.__lock___malloc_recursive_mutex
                0x20000f64        0x1 /opt/st/stm32cubeide_1.16.0/plugins/com.st.stm32cube.ide.mcu.externaltools.gnu-tools-for-stm32.12.3.rel1.linux64_1.0.200.202406132123/tools/bin/../lib/gcc/arm-none-eabi/12.3.1/../../../../arm-none-eabi/lib/thumb/v7-m/nofp/libc_nano.a(libc_a-lock.o)
                0x20000f64                __lock___malloc_recursive_mutex